[    0.000000] kernel: Linux version 5.10.102.1-microsoft-standard-WSL2 (oe-user@oe-host) (x86_64-msft-linux-gcc (GCC) 9.3.0, GNU ld (GNU Binutils) 2.34.0.20200220) #1 SMP Wed Mar 2 00:30:59 UTC 2022
[    0.000000] kernel: Command line: initrd=\initrd.img panic=-1 nr_cpus=48 swiotlb=force earlycon=uart8250,io,0x3f8,115200 console=hvc0 debug pty.legacy_count=0
[    0.000000] kernel: KERNEL supported cpus:
[    0.000000] kernel:   Intel GenuineIntel
[    0.000000] kernel:   AMD AuthenticAMD
[    0.000000] kernel:   Centaur CentaurHauls
[    0.000000] kernel: x86/fpu: Supporting XSAVE feature 0x001: 'x87 floating point registers'
[    0.000000] kernel: x86/fpu: Supporting XSAVE feature 0x002: 'SSE registers'
[    0.000000] kernel: x86/fpu: Supporting XSAVE feature 0x004: 'AVX registers'
[    0.000000] kernel: x86/fpu: xstate_offset[2]:  576, xstate_sizes[2]:  256
[    0.000000] kernel: x86/fpu: Enabled xstate features 0x7, context size is 832 bytes, using 'compacted' format.
[    0.000000] kernel: BIOS-provided physical RAM map:
[    0.000000] kernel: BIOS-e820: [mem 0x0000000000000000-0x000000000009ffff] usable
[    0.000000] kernel: BIOS-e820: [mem 0x00000000000e0000-0x00000000000e0fff] reserved
[    0.000000] kernel: BIOS-e820: [mem 0x0000000000100000-0x00000000001fffff] ACPI data
[    0.000000] kernel: BIOS-e820: [mem 0x0000000000200000-0x00000000f7ffffff] usable
[    0.000000] kernel: BIOS-e820: [mem 0x0000000100000000-0x00000009ffdfffff] usable
[    0.000000] kernel: BIOS-e820: [mem 0x0000001000000000-0x0000001604bfffff] usable
[    0.000000] kernel: earlycon: uart8250 at I/O port 0x3f8 (options '115200')
[    0.000000] kernel: printk: bootconsole [uart8250] enabled
[    0.000000] kernel: NX (Execute Disable) protection: active
[    0.000000] kernel: DMI not present or invalid.
[    0.000000] kernel: Hypervisor detected: Microsoft Hyper-V
[    0.000000] kernel: Hyper-V: privilege flags low 0xae7f, high 0x3b8030, hints 0xc2c, misc 0xe0bed7b2
[    0.000000] kernel: Hyper-V Host Build:22621-10.0-0-0.521
[    0.000000] kernel: Hyper-V: LAPIC Timer Frequency: 0x1e8480
[    0.000000] kernel: Hyper-V: Using hypercall for remote TLB flush
[    0.000000] kernel: clocksource: hyperv_clocksource_tsc_page: mask: 0xffffffffffffffff max_cycles: 0x24e6a1710, max_idle_ns: 440795202120 ns
[    0.000003] kernel: tsc: Detected 3800.087 MHz processor
[    0.002298] kernel: e820: update [mem 0x00000000-0x00000fff] usable ==> reserved
[    0.005540] kernel: e820: remove [mem 0x000a0000-0x000fffff] usable
[    0.008241] kernel: last_pfn = 0x1604c00 max_arch_pfn = 0x400000000
[    0.010939] kernel: MTRR default type: uncachable
[    0.012879] kernel: MTRR fixed ranges enabled:
[    0.014582] kernel:   00000-3FFFF write-back
[    0.016197] kernel:   40000-7FFFF uncachable
[    0.017854] kernel:   80000-8FFFF write-back
[    0.019520] kernel:   90000-FFFFF uncachable
[    0.021162] kernel: MTRR variable ranges enabled:
[    0.022990] kernel:   0 base 000000000000 mask FFFF00000000 write-back
[    0.025661] kernel:   1 base 000100000000 mask FFF000000000 write-back
[    0.028321] kernel:   2 base 001000000000 mask F80000000000 write-back
[    0.030972] kernel:   3 base 080000000000 mask 000000000000 write-back
[    0.033640] kernel:   4 disabled
[    0.034838] kernel:   5 disabled
[    0.036013] kernel:   6 disabled
[    0.037150] kernel:   7 disabled
[    0.038309] kernel: x86/PAT: Configuration [0-7]: WB  WC  UC- UC  WB  WP  UC- WT  
[    0.041427] kernel: last_pfn = 0xf8000 max_arch_pfn = 0x400000000
[    0.043912] kernel: Using GB pages for direct mapping
[    0.046319] kernel: RAMDISK: [mem 0x03835000-0x03844fff]
[    0.048423] kernel: ACPI: Early table checksum verification disabled
[    0.051178] kernel: ACPI: RSDP 0x00000000000E0000 000024 (v02 VRTUAL)
[    0.053995] kernel: ACPI: XSDT 0x0000000000100000 000044 (v01 VRTUAL MICROSFT 00000001 MSFT 00000001)
[    0.058108] kernel: ACPI: FACP 0x0000000000101000 000114 (v06 VRTUAL MICROSFT 00000001 MSFT 00000001)
[    0.062204] kernel: ACPI: DSDT 0x00000000001011B8 01E191 (v02 MSFTVM DSDT01   00000001 MSFT 05000000)
[    0.066161] kernel: ACPI: FACS 0x0000000000101114 000040
[    0.068347] kernel: ACPI: OEM0 0x0000000000101154 000064 (v01 VRTUAL MICROSFT 00000001 MSFT 00000001)
[    0.072456] kernel: ACPI: SRAT 0x000000000011F349 0005B0 (v02 VRTUAL MICROSFT 00000001 MSFT 00000001)
[    0.076344] kernel: ACPI: APIC 0x000000000011F8F9 0001C8 (v04 VRTUAL MICROSFT 00000001 MSFT 00000001)
[    0.080391] kernel: ACPI: Reserving FACP table memory at [mem 0x101000-0x101113]
[    0.083518] kernel: ACPI: Reserving DSDT table memory at [mem 0x1011b8-0x11f348]
[    0.086719] kernel: ACPI: Reserving FACS table memory at [mem 0x101114-0x101153]
[    0.089755] kernel: ACPI: Reserving OEM0 table memory at [mem 0x101154-0x1011b7]
[    0.092834] kernel: ACPI: Reserving SRAT table memory at [mem 0x11f349-0x11f8f8]
[    0.096054] kernel: ACPI: Reserving APIC table memory at [mem 0x11f8f9-0x11fac0]
[    0.099135] kernel: ACPI: Local APIC address 0xfee00000
[    0.101592] kernel: Zone ranges:
[    0.102790] kernel:   DMA      [mem 0x0000000000001000-0x0000000000ffffff]
[    0.105571] kernel:   DMA32    [mem 0x0000000001000000-0x00000000ffffffff]
[    0.108382] kernel:   Normal   [mem 0x0000000100000000-0x0000001604bfffff]
[    0.111297] kernel:   Device   empty
[    0.112667] kernel: Movable zone start for each node
[    0.114610] kernel: Early memory node ranges
[    0.116249] kernel:   node   0: [mem 0x0000000000001000-0x000000000009ffff]
[    0.119283] kernel:   node   0: [mem 0x0000000000200000-0x00000000f7ffffff]
[    0.122185] kernel:   node   0: [mem 0x0000000100000000-0x00000009ffdfffff]
[    0.125164] kernel:   node   0: [mem 0x0000001000000000-0x0000001604bfffff]
[    0.128025] kernel: Initmem setup node 0 [mem 0x0000000000001000-0x0000001604bfffff]
[    0.131347] kernel: On node 0 totalpages: 16763039
[    0.133295] kernel:   DMA zone: 59 pages used for memmap
[    0.135484] kernel:   DMA zone: 22 pages reserved
[    0.137308] kernel:   DMA zone: 3743 pages, LIFO batch:0
[    0.139415] kernel:   DMA32 zone: 16320 pages used for memmap
[    0.141843] kernel:   DMA32 zone: 1011712 pages, LIFO batch:63
[    0.144195] kernel:   Normal zone: 246056 pages used for memmap
[    0.146610] kernel:   Normal zone: 15747584 pages, LIFO batch:63
[    0.149387] kernel: On node 0, zone DMA: 1 pages in unavailable ranges
[    0.149415] kernel: On node 0, zone DMA: 352 pages in unavailable ranges
[    0.165342] kernel: On node 0, zone Normal: 512 pages in unavailable ranges
[    0.168496] kernel: On node 0, zone Normal: 13312 pages in unavailable ranges
[    0.171569] kernel: ACPI: Local APIC address 0xfee00000
[    0.176584] kernel: ACPI: LAPIC_NMI (acpi_id[0x01] dfl dfl lint[0x1])
[    0.179613] kernel: IOAPIC[0]: apic_id 48, version 17, address 0xfec00000, GSI 0-23
[    0.182811] kernel: ACPI: INT_SRC_OVR (bus 0 bus_irq 9 global_irq 9 high level)
[    0.186063] kernel: ACPI: IRQ9 used by override.
[    0.187843] kernel: Using ACPI (MADT) for SMP configuration information
[    0.190558] kernel: smpboot: Allowing 48 CPUs, 0 hotplug CPUs
[    0.192924] kernel: [mem 0xf8000000-0xffffffff] available for PCI devices
[    0.195801] kernel: Booting paravirtualized kernel on Hyper-V
[    0.198140] kernel: clocksource: refined-jiffies: mask: 0xffffffff max_cycles: 0xffffffff, max_idle_ns: 19112604462750000 ns
[    0.207652] kernel: setup_percpu: NR_CPUS:256 nr_cpumask_bits:256 nr_cpu_ids:48 nr_node_ids:1
[    0.213722] kernel: percpu: Embedded 56 pages/cpu s190040 r8192 d31144 u262144
[    0.216862] kernel: pcpu-alloc: s190040 r8192 d31144 u262144 alloc=1*2097152
[    0.219947] kernel: pcpu-alloc: [0] 00 01 02 03 04 05 06 07 [0] 08 09 10 11 12 13 14 15 
[    0.223384] kernel: pcpu-alloc: [0] 16 17 18 19 20 21 22 23 [0] 24 25 26 27 28 29 30 31 
[    0.226782] kernel: pcpu-alloc: [0] 32 33 34 35 36 37 38 39 [0] 40 41 42 43 44 45 46 47 
[    0.230280] kernel: Hyper-V: PV spinlocks enabled
[    0.232111] kernel: PV qspinlock hash table entries: 256 (order: 0, 4096 bytes, linear)
[    0.235555] kernel: Built 1 zonelists, mobility grouping on.  Total pages: 16500582
[    0.238782] kernel: Kernel command line: initrd=\initrd.img panic=-1 nr_cpus=48 swiotlb=force earlycon=uart8250,io,0x3f8,115200 console=hvc0 debug pty.legacy_count=0
[    0.245506] kernel: printk: log_buf_len individual max cpu contribution: 4096 bytes
[    0.248675] kernel: printk: log_buf_len total cpu_extra contributions: 192512 bytes
[    0.251958] kernel: printk: log_buf_len min size: 131072 bytes
[    0.254828] kernel: printk: log_buf_len: 524288 bytes
[    0.256830] kernel: printk: early log buf free: 123896(94%)
[    0.269662] kernel: Dentry cache hash table entries: 8388608 (order: 14, 67108864 bytes, linear)
[    0.278852] kernel: Inode-cache hash table entries: 4194304 (order: 13, 33554432 bytes, linear)
[    0.282780] kernel: mem auto-init: stack:off, heap alloc:off, heap free:off
[    0.307646] kernel: Memory: 4085920K/67052156K available (16404K kernel code, 2544K rwdata, 9048K rodata, 1580K init, 2772K bss, 1267124K reserved, 0K cma-reserved)
[    0.314485] kernel: SLUB: HWalign=64, Order=0-3, MinObjects=0, CPUs=48, Nodes=1
[    0.317551] kernel: ftrace: allocating 51665 entries in 202 pages
[    0.336094] kernel: ftrace: allocated 202 pages with 4 groups
[    0.339127] kernel: rcu: Hierarchical RCU implementation.
[    0.341496] kernel: rcu:         RCU restricting CPUs from NR_CPUS=256 to nr_cpu_ids=48.
[    0.344805] kernel:         Rude variant of Tasks RCU enabled.
[    0.346868] kernel:         Tracing variant of Tasks RCU enabled.
[    0.349042] kernel: rcu: RCU calculated value of scheduler-enlistment delay is 10 jiffies.
[    0.352749] kernel: rcu: Adjusting geometry for rcu_fanout_leaf=16, nr_cpu_ids=48
[    0.359245] kernel: Using NULL legacy PIC
[    0.360801] kernel: NR_IRQS: 16640, nr_irqs: 808, preallocated irqs: 0
[    0.363981] kernel: random: crng done (trusting CPU's manufacturer)
[    0.366816] kernel: Console: colour dummy device 80x25
[    0.369210] kernel: ACPI: Core revision 20200925
[    0.371364] kernel: Failed to register legacy timer interrupt
[    0.373899] kernel: APIC: Switch to symmetric I/O mode setup
[    0.376411] kernel: Switched APIC routing to physical flat.
[    0.378919] kernel: Hyper-V: Using IPI hypercalls
[    0.381056] kernel: Hyper-V: Using enlightened APIC (xapic mode)
[    0.381165] kernel: clocksource: tsc-early: mask: 0xffffffffffffffff max_cycles: 0x6d8d54f6e6d, max_idle_ns: 881590873190 ns
[    0.389291] kernel: Calibrating delay loop (skipped), value calculated using timer frequency.. 7600.17 BogoMIPS (lpj=38000870)
[    0.394675] kernel: pid_max: default: 49152 minimum: 384
[    0.397081] kernel: LSM: Security Framework initializing
[    0.399287] kernel: Mount-cache hash table entries: 131072 (order: 8, 1048576 bytes, linear)
[    0.399287] kernel: Mountpoint-cache hash table entries: 131072 (order: 8, 1048576 bytes, linear)
[    0.399287] kernel: x86/cpu: User Mode Instruction Prevention (UMIP) activated
[    0.399287] kernel: Last level iTLB entries: 4KB 1024, 2MB 1024, 4MB 512
[    0.399287] kernel: Last level dTLB entries: 4KB 2048, 2MB 2048, 4MB 1024, 1GB 0
[    0.399287] kernel: Spectre V1 : Mitigation: usercopy/swapgs barriers and __user pointer sanitization
[    0.399287] kernel: Spectre V2 : Mitigation: Full AMD retpoline
[    0.399287] kernel: Spectre V2 : Spectre v2 / SpectreRSB mitigation: Filling RSB on context switch
[    0.399287] kernel: Spectre V2 : mitigation: Enabling conditional Indirect Branch Prediction Barrier
[    0.399287] kernel: Spectre V2 : User space: Mitigation: STIBP via seccomp and prctl
[    0.399287] kernel: Speculative Store Bypass: Mitigation: Speculative Store Bypass disabled via prctl and seccomp
[    0.399287] kernel: Freeing SMP alternatives memory: 56K
[    0.399287] kernel: smpboot: CPU0: AMD Ryzen Threadripper 3960X 24-Core Processor (family: 0x17, model: 0x31, stepping: 0x0)
[    0.399287] kernel: Performance Events: PMU not available due to virtualization, using software events only.
[    0.399287] kernel: rcu: Hierarchical SRCU implementation.
[    0.399876] kernel: smp: Bringing up secondary CPUs ...
[    0.402093] kernel: x86: Booting SMP configuration:
[    0.404141] kernel: .... node  #0, CPUs:        #1  #2  #3  #4  #5  #6  #7  #8  #9 #10 #11 #12 #13 #14 #15 #16 #17 #18 #19 #20 #21 #22 #23 #24 #25 #26 #27 #28 #29 #30 #31 #32 #33 #34 #35 #36 #37 #38 #39 #40 #41 #42 #43 #44 #45 #46 #47
[    0.430100] kernel: smp: Brought up 1 node, 48 CPUs
[    0.441239] kernel: smpboot: Max logical packages: 1
[    0.443279] kernel: smpboot: Total of 48 processors activated (364808.35 BogoMIPS)
[    0.469809] kernel: node 0 deferred pages initialised in 20ms
[    0.471699] kernel: devtmpfs: initialized
[    0.471699] kernel: x86/mm: Memory block size: 128MB
[    0.479871] kernel: clocksource: jiffies: mask: 0xffffffff max_cycles: 0xffffffff, max_idle_ns: 19112604462750000 ns
[    0.484179] kernel: futex hash table entries: 16384 (order: 8, 1048576 bytes, linear)
[    0.489305] kernel: NET: Registered protocol family 16
[    0.491476] kernel: thermal_sys: Registered thermal governor 'step_wise'
[    0.491507] kernel: cpuidle: using governor menu
[    0.491507] kernel: ACPI: bus type PCI registered
[    0.491507] kernel: PCI: Fatal: No config space access function found
[    0.495872] kernel: Kprobes globally optimized
[    0.499353] kernel: HugeTLB registered 1.00 GiB page size, pre-allocated 0 pages
[    0.502486] kernel: HugeTLB registered 2.00 MiB page size, pre-allocated 0 pages
[    0.509365] kernel: raid6: skip pq benchmark and using algorithm avx2x4
[    0.512207] kernel: raid6: using avx2x2 recovery algorithm
[    0.514454] kernel: ACPI: Added _OSI(Module Device)
[    0.516446] kernel: ACPI: Added _OSI(Processor Device)
[    0.519293] kernel: ACPI: Added _OSI(3.0 _SCP Extensions)
[    0.521471] kernel: ACPI: Added _OSI(Processor Aggregator Device)
[    0.523956] kernel: ACPI: Added _OSI(Linux-Dell-Video)
[    0.526086] kernel: ACPI: Added _OSI(Linux-Lenovo-NV-HDMI-Audio)
[    0.528511] kernel: ACPI: Added _OSI(Linux-HPI-Hybrid-Graphics)
[    0.533588] kernel: ACPI: 1 ACPI AML tables successfully acquired and loaded
[    0.537713] kernel: ACPI: Interpreter enabled
[    0.539307] kernel: ACPI: (supports S0 S5)
[    0.541012] kernel: ACPI: Using IOAPIC for interrupt routing
[    0.543468] kernel: PCI: Using host bridge windows from ACPI; if necessary, use "pci=nocrs" and report a bug
[    0.548245] kernel: ACPI: Enabled 1 GPEs in block 00 to 0F
[    0.561030] kernel: iommu: Default domain type: Translated 
[    0.563546] kernel: SCSI subsystem initialized
[    0.565447] kernel: ACPI: bus type USB registered
[    0.567452] kernel: usbcore: registered new interface driver usbfs
[    0.569297] kernel: usbcore: registered new interface driver hub
[    0.571635] kernel: usbcore: registered new device driver usb
[    0.579292] kernel: hv_vmbus: Vmbus version:5.2
[    0.579398] kernel: PCI: Using ACPI for IRQ routing
[    0.579354] kernel: hv_vmbus: Unknown GUID: c376c1c3-d276-48d2-90a9-c04748072c60
[    0.581449] kernel: PCI: System does not support PCI
[    0.584952] kernel: hv_vmbus: Unknown GUID: 6e382d18-3336-4f4b-acc4-2b7703d4df4a
[    0.589750] kernel: hv_vmbus: Unknown GUID: dde9cbc0-5060-4436-9448-ea1254a5d177
[    0.589521] kernel: clocksource: Switched to clocksource tsc-early
[    0.728770] kernel: VFS: Disk quotas dquot_6.6.0
[    0.730574] kernel: VFS: Dquot-cache hash table entries: 512 (order 0, 4096 bytes)
[    0.733514] kernel: FS-Cache: Loaded
[    0.734894] kernel: pnp: PnP ACPI init
[    0.736259] kernel: pnp 00:00: Plug and Play ACPI device, IDs PNP0501 (active)
[    0.739113] kernel: pnp 00:01: Plug and Play ACPI device, IDs PNP0501 (active)
[    0.741967] kernel: pnp 00:02: Plug and Play ACPI device, IDs PNP0b00 (active)
[    0.744980] kernel: pnp: PnP ACPI: found 3 devices
[    0.751041] kernel: NET: Registered protocol family 2
[    0.753252] kernel: IP idents hash table entries: 262144 (order: 9, 2097152 bytes, linear)
[    0.757677] kernel: tcp_listen_portaddr_hash hash table entries: 32768 (order: 7, 524288 bytes, linear)
[    0.761805] kernel: TCP established hash table entries: 524288 (order: 10, 4194304 bytes, linear)
[    0.766182] kernel: TCP bind hash table entries: 65536 (order: 8, 1048576 bytes, linear)
[    0.769680] kernel: TCP: Hash tables configured (established 524288 bind 65536)
[    0.772573] kernel: UDP hash table entries: 32768 (order: 8, 1048576 bytes, linear)
[    0.775808] kernel: UDP-Lite hash table entries: 32768 (order: 8, 1048576 bytes, linear)
[    0.779530] kernel: NET: Registered protocol family 1
[    0.781932] kernel: RPC: Registered named UNIX socket transport module.
[    0.784524] kernel: RPC: Registered udp transport module.
[    0.786617] kernel: RPC: Registered tcp transport module.
[    0.788767] kernel: RPC: Registered tcp NFSv4.1 backchannel transport module.
[    0.791679] kernel: PCI: CLS 0 bytes, default 64
[    0.793449] kernel: Trying to unpack rootfs image as initramfs...
[    0.796246] kernel: Freeing initrd memory: 64K
[    0.797884] kernel: PCI-DMA: Using software bounce buffering for IO (SWIOTLB)
[    0.800904] kernel: software IO TLB: mapped [mem 0x00000000f4000000-0x00000000f8000000] (64MB)
[    0.809158] kernel: kvm: no hardware support
[    0.813236] kernel: kvm: Nested Virtualization enabled
[    0.815149] kernel: SVM: kvm: Nested Paging enabled
[    0.816920] kernel: SVM: Virtual VMLOAD VMSAVE supported
[    0.825871] kernel: Initialise system trusted keyrings
[    0.827886] kernel: workingset: timestamp_bits=46 max_order=24 bucket_order=0
[    0.831659] kernel: squashfs: version 4.0 (2009/01/31) Phillip Lougher
[    0.834615] kernel: NFS: Registering the id_resolver key type
[    0.836783] kernel: Key type id_resolver registered
[    0.838592] kernel: Key type id_legacy registered
[    0.840343] kernel: nfs4filelayout_init: NFSv4 File Layout Driver Registering...
[    0.843204] kernel: nfs4flexfilelayout_init: NFSv4 Flexfile Layout Driver Registering...
[    0.846500] kernel: Installing knfsd (copyright (C) 1996 okir@monad.swb.de).
[    0.849771] kernel: Key type cifs.idmap registered
[    0.851607] kernel: fuse: init (API version 7.32)
[    0.853466] kernel: SGI XFS with ACLs, security attributes, realtime, scrub, repair, quota, no debug enabled
[    0.858079] kernel: 9p: Installing v9fs 9p2000 file system support
[    0.860579] kernel: FS-Cache: Netfs '9p' registered for caching
[    0.863044] kernel: FS-Cache: Netfs 'ceph' registered for caching
[    0.865495] kernel: ceph: loaded (mds proto 32)
[    0.869701] kernel: NET: Registered protocol family 38
[    0.871778] kernel: xor: automatically using best checksumming function   avx       
[    0.874885] kernel: Key type asymmetric registered
[    0.876696] kernel: Asymmetric key parser 'x509' registered
[    0.878881] kernel: Block layer SCSI generic (bsg) driver version 0.4 loaded (major 250)
[    0.885252] kernel: hv_vmbus: registering driver hv_pci
[    0.887669] kernel: hv_pci 5b51629c-9b3b-46b6-9630-8f1157b55f2c: PCI VMBus probing: Using version 0x10003
[    0.892897] kernel: hv_pci 5b51629c-9b3b-46b6-9630-8f1157b55f2c: PCI host bridge to bus 9b3b:00
[    0.896643] kernel: pci_bus 9b3b:00: root bus resource [mem 0x9ffe00000-0x9ffe02fff window]
[    0.901203] kernel: pci 9b3b:00:00.0: [1af4:1043] type 00 class 0x010000
[    0.905054] kernel: pci 9b3b:00:00.0: reg 0x10: [mem 0x9ffe00000-0x9ffe00fff 64bit]
[    0.909094] kernel: pci 9b3b:00:00.0: reg 0x18: [mem 0x9ffe01000-0x9ffe01fff 64bit]
[    0.913107] kernel: pci 9b3b:00:00.0: reg 0x20: [mem 0x9ffe02000-0x9ffe02fff 64bit]
[    0.920112] kernel: pci 9b3b:00:00.0: BAR 0: assigned [mem 0x9ffe00000-0x9ffe00fff 64bit]
[    0.923934] kernel: pci 9b3b:00:00.0: BAR 2: assigned [mem 0x9ffe01000-0x9ffe01fff 64bit]
[    0.927737] kernel: pci 9b3b:00:00.0: BAR 4: assigned [mem 0x9ffe02000-0x9ffe02fff 64bit]
[    0.932237] kernel: hv_pci c13bb512-71e0-4044-b4f6-fe3497902753: PCI VMBus probing: Using version 0x10003
[    0.936986] kernel: hv_pci c13bb512-71e0-4044-b4f6-fe3497902753: PCI host bridge to bus 71e0:00
[    0.941233] kernel: pci 71e0:00:00.0: [1414:008e] type 00 class 0x030200
[    0.954299] kernel: Serial: 8250/16550 driver, 4 ports, IRQ sharing disabled
[    0.957594] kernel: 00:00: ttyS0 at I/O 0x3f8 (irq = 4, base_baud = 115200) is a 16550A
[    0.961208] kernel: 00:01: ttyS1 at I/O 0x2f8 (irq = 3, base_baud = 115200) is a 16550A
[    0.999102] kernel: Non-volatile memory driver v1.3
[    1.001322] kernel: printk: console [hvc0] enabled
[    1.003304] kernel: printk: bootconsole [uart8250] disabled
[    1.012924] kernel: brd: module loaded
[    1.014851] kernel: loop: module loaded
[    1.015172] kernel: hv_vmbus: registering driver hv_storvsc
[    1.015990] kernel: wireguard: WireGuard 1.0.0 loaded. See www.wireguard.com for information.
[    1.016549] kernel: wireguard: Copyright (C) 2015-2019 Jason A. Donenfeld <Jason@zx2c4.com>. All Rights Reserved.
[    1.017057] kernel: tun: Universal TUN/TAP device driver, 1.6
[    1.017460] kernel: scsi host0: storvsc_host_t
[    1.017671] kernel: PPP generic driver version 2.4.2
[    1.018565] kernel: PPP BSD Compression module registered
[    1.019030] kernel: PPP Deflate Compression module registered
[    1.019515] kernel: PPP MPPE Compression module registered
[    1.019983] kernel: NET: Registered protocol family 24
[    1.020338] kernel: usbcore: registered new interface driver cdc_ether
[    1.020863] kernel: usbcore: registered new interface driver cdc_ncm
[    1.021308] kernel: hv_vmbus: registering driver hv_netvsc
[    1.021811] kernel: VFIO - User Level meta-driver version: 0.3
[    1.022241] kernel: usbcore: registered new interface driver cdc_acm
[    1.022726] kernel: cdc_acm: USB Abstract Control Model driver for USB modems and ISDN adapters
[    1.023158] kernel: usbcore: registered new interface driver ch341
[    1.023516] kernel: usbserial: USB Serial support registered for ch341-uart
[    1.023948] kernel: usbcore: registered new interface driver cp210x
[    1.024240] kernel: usbserial: USB Serial support registered for cp210x
[    1.024857] kernel: usbcore: registered new interface driver ftdi_sio
[    1.025289] kernel: usbserial: USB Serial support registered for FTDI USB Serial Device
[    1.026227] kernel: vhci_hcd vhci_hcd.0: USB/IP Virtual Host Controller
[    1.026735] kernel: vhci_hcd vhci_hcd.0: new USB bus registered, assigned bus number 1
[    1.027154] kernel: vhci_hcd: created sysfs vhci_hcd.0
[    1.027954] kernel: usb usb1: New USB device found, idVendor=1d6b, idProduct=0002, bcdDevice= 5.10
[    1.028719] kernel: usb usb1: New USB device strings: Mfr=3, Product=2, SerialNumber=1
[    1.029356] kernel: usb usb1: Product: USB/IP Virtual Host Controller
[    1.029907] kernel: usb usb1: Manufacturer: Linux 5.10.102.1-microsoft-standard-WSL2 vhci_hcd
[    1.030479] kernel: usb usb1: SerialNumber: vhci_hcd.0
[    1.030990] kernel: hub 1-0:1.0: USB hub found
[    1.031375] kernel: hub 1-0:1.0: 8 ports detected
[    1.031998] kernel: vhci_hcd vhci_hcd.0: USB/IP Virtual Host Controller
[    1.032382] kernel: vhci_hcd vhci_hcd.0: new USB bus registered, assigned bus number 2
[    1.032990] kernel: usb usb2: We don't know the algorithms for LPM for this host, disabling LPM.
[    1.033772] kernel: usb usb2: New USB device found, idVendor=1d6b, idProduct=0003, bcdDevice= 5.10
[    1.034343] kernel: usb usb2: New USB device strings: Mfr=3, Product=2, SerialNumber=1
[    1.034978] kernel: usb usb2: Product: USB/IP Virtual Host Controller
[    1.035437] kernel: usb usb2: Manufacturer: Linux 5.10.102.1-microsoft-standard-WSL2 vhci_hcd
[    1.035942] kernel: usb usb2: SerialNumber: vhci_hcd.0
[    1.036621] kernel: hub 2-0:1.0: USB hub found
[    1.036931] kernel: hub 2-0:1.0: 8 ports detected
[    1.037495] kernel: hv_vmbus: registering driver hyperv_keyboard
[    1.038053] kernel: rtc_cmos 00:02: RTC can wake from S4
[    1.039793] kernel: rtc_cmos 00:02: registered as rtc0
[    1.040781] kernel: rtc_cmos 00:02: setting system clock to 2022-09-24T13:57:17 UTC (1664027837)
[    1.041247] kernel: rtc_cmos 00:02: alarms up to one month, 114 bytes nvram
[    1.042082] kernel: device-mapper: ioctl: 4.43.0-ioctl (2020-10-01) initialised: dm-devel@redhat.com
[    1.043043] kernel: device-mapper: raid: Loading target version 1.15.1
[    1.043546] kernel: usbcore: registered new interface driver usbhid
[    1.043971] kernel: usbhid: USB HID core driver
[    1.044378] kernel: hv_utils: Registering HyperV Utility Driver
[    1.044767] kernel: hv_vmbus: registering driver hv_utils
[    1.045224] kernel: hv_vmbus: registering driver hv_balloon
[    1.045247] kernel: hv_utils: cannot register PTP clock: 0
[    1.045714] kernel: hv_vmbus: registering driver dxgkrnl
[    1.046581] kernel: hv_utils: TimeSync IC version 4.0
[    1.046585] kernel: hv_balloon: Using Dynamic Memory protocol version 2.0
[    1.046638] kernel: (NULL device *): dxgk: dxg_drv_init  Version: 2216
[    1.048180] kernel: Free page reporting enabled
[    1.048933] kernel: (NULL device *): dxgk: mmio allocated 9ffe10000  200000000 9ffe10000 bffe0ffff
[    1.049191] kernel: hv_balloon: Cold memory discard hint enabled
[    1.051020] kernel: drop_monitor: Initializing network drop monitor service
[    1.051577] kernel: Mirror/redirect action on
[    1.052451] kernel: IPVS: Registered protocols (TCP, UDP)
[    1.052910] kernel: IPVS: Connection hash table configured (size=4096, memory=64Kbytes)
[    1.053602] kernel: IPVS: ipvs loaded.
[    1.053871] kernel: IPVS: [rr] scheduler registered.
[    1.054186] kernel: IPVS: [wrr] scheduler registered.
[    1.054585] kernel: IPVS: [sh] scheduler registered.
[    1.054960] kernel: ipip: IPv4 and MPLS over IPv4 tunneling driver
[    1.059704] kernel: ipt_CLUSTERIP: ClusterIP Version 0.8 loaded successfully
[    1.061553] kernel: Initializing XFRM netlink socket
[    1.062058] kernel: NET: Registered protocol family 10
[    1.063361] kernel: Segment Routing with IPv6
[    1.067421] kernel: sit: IPv6, IPv4 and MPLS over IPv4 tunneling driver
[    1.068013] kernel: NET: Registered protocol family 17
[    1.068423] kernel: Bridge firewalling registered
[    1.068741] kernel: 8021q: 802.1Q VLAN Support v1.8
[    1.069045] kernel: sctp: Hash tables configured (bind 1024/1024)
[    1.069545] kernel: 9pnet: Installing 9P2000 support
[    1.069997] kernel: Key type dns_resolver registered
[    1.070407] kernel: Key type ceph registered
[    1.070952] kernel: libceph: loaded (mon/osd proto 15/24)
[    1.071784] kernel: NET: Registered protocol family 40
[    1.072207] kernel: hv_vmbus: registering driver hv_sock
[    1.072664] kernel: IPI shorthand broadcast: enabled
[    1.073079] kernel: sched_clock: Marking stable (1046088454, 25432100)->(1211122800, -139602246)
[    1.074540] kernel: registered taskstats version 1
[    1.074864] kernel: Loading compiled-in X.509 certificates
[    1.075411] kernel: Btrfs loaded, crc32c=crc32c-generic
[    1.093815] kernel: Freeing unused kernel image (initmem) memory: 1580K
[    1.149448] kernel: Write protecting the kernel read-only data: 28672k
[    1.151723] kernel: Freeing unused kernel image (text/rodata gap) memory: 2024K
[    1.153101] kernel: Freeing unused kernel image (rodata/data gap) memory: 1192K
[    1.153660] kernel: Run /init as init process
[    1.153949] kernel:   with arguments:
[    1.154223] kernel:     /init
[    1.154434] kernel:   with environment:
[    1.154734] kernel:     HOME=/
[    1.154910] kernel:     TERM=linux
[    1.450447] kernel: scsi 0:0:0:0: Direct-Access     Msft     Virtual Disk     1.0  PQ: 0 ANSI: 5
[    1.451707] kernel: sd 0:0:0:0: Attached scsi generic sg0 type 0
[    1.452711] kernel: scsi 0:0:0:1: Direct-Access     Msft     Virtual Disk     1.0  PQ: 0 ANSI: 5
[    1.452776] kernel: sd 0:0:0:0: [sda] 536870912 512-byte logical blocks: (275 GB/256 GiB)
[    1.453764] kernel: sd 0:0:0:1: Attached scsi generic sg1 type 0
[    1.453788] kernel: sd 0:0:0:0: [sda] 4096-byte physical blocks
[    1.454676] kernel: sd 0:0:0:1: [sdb] 695784 512-byte logical blocks: (356 MB/340 MiB)
[    1.454704] kernel: sd 0:0:0:0: [sda] Write Protect is off
[    1.455338] kernel: sd 0:0:0:1: [sdb] Write Protect is on
[    1.455691] kernel: sd 0:0:0:0: [sda] Mode Sense: 0f 00 00 00
[    1.456073] kernel: sd 0:0:0:1: [sdb] Mode Sense: 0f 00 80 00
[    1.456709] kernel: sd 0:0:0:0: [sda] Write cache: enabled, read cache: enabled, doesn't support DPO or FUA
[    1.457085] kernel: sd 0:0:0:1: [sdb] Write cache: disabled, read cache: enabled, doesn't support DPO or FUA
[    1.460576] kernel: sd 0:0:0:0: [sda] Attached SCSI disk
[    1.461260] kernel: sd 0:0:0:1: [sdb] Attached SCSI disk
[    1.490636] kernel: hv_pci 7da6357e-68a5-4564-b3c8-842f25872167: PCI VMBus probing: Using version 0x10003
[    1.493031] kernel: hv_pci 7da6357e-68a5-4564-b3c8-842f25872167: PCI host bridge to bus 68a5:00
[    1.493527] kernel: pci_bus 68a5:00: root bus resource [mem 0xc00000000-0xe00001fff window]
[    1.495148] kernel: pci 68a5:00:00.0: [1af4:105a] type 00 class 0x088000
[    1.498057] kernel: pci 68a5:00:00.0: reg 0x10: [mem 0xe00000000-0xe00000fff 64bit]
[    1.500553] kernel: pci 68a5:00:00.0: reg 0x18: [mem 0xe00001000-0xe00001fff 64bit]
[    1.502915] kernel: pci 68a5:00:00.0: reg 0x20: [mem 0xc00000000-0xdffffffff 64bit]
[    1.508957] kernel: pci 68a5:00:00.0: BAR 4: assigned [mem 0xc00000000-0xdffffffff 64bit]
[    1.511347] kernel: pci 68a5:00:00.0: BAR 0: assigned [mem 0xe00000000-0xe00000fff 64bit]
[    1.513706] kernel: pci 68a5:00:00.0: BAR 2: assigned [mem 0xe00001000-0xe00001fff 64bit]
[    1.531520] kernel: virtiofs virtio1: Cache len: 0x200000000 @ 0xc00000000
[    1.590488] kernel: memmap_init_zone_device initialised 2097152 pages in 20ms
[    1.595671] kernel: EXT4-fs (sdb): mounted filesystem without journal. Opts: (null)
[    1.599555] kernel: EXT4-fs (sda): mounted filesystem with ordered data mode. Opts: (null)
[    1.651653] kernel: scsi 0:0:0:2: Direct-Access     Msft     Virtual Disk     1.0  PQ: 0 ANSI: 5
[    1.652868] kernel: sd 0:0:0:2: Attached scsi generic sg2 type 0
[    1.653691] kernel: sd 0:0:0:2: [sdc] 536870912 512-byte logical blocks: (275 GB/256 GiB)
[    1.654134] kernel: sd 0:0:0:2: [sdc] 4096-byte physical blocks
[    1.654576] kernel: sd 0:0:0:2: [sdc] Write Protect is off
[    1.654927] kernel: sd 0:0:0:2: [sdc] Mode Sense: 0f 00 00 00
[    1.655432] kernel: sd 0:0:0:2: [sdc] Write cache: enabled, read cache: enabled, doesn't support DPO or FUA
[    1.658586] kernel: sd 0:0:0:2: [sdc] Attached SCSI disk
[    1.670617] kernel: EXT4-fs (sdc): mounted filesystem with ordered data mode. Opts: discard,errors=remount-ro,data=ordered
[    1.699349] kernel: Adding 16777216k swap on /swap/file.  Priority:-2 extents:5 across:16809984k 
[    1.899350] kernel: clocksource: tsc: mask: 0xffffffffffffffff max_cycles: 0x6d8d54f6e6d, max_idle_ns: 881590873190 ns
[    1.902550] kernel: clocksource: Switched to clocksource tsc
[    2.059371] kernel: IPv6: ADDRCONF(NETDEV_CHANGE): eth0: link becomes ready
[    2.193360] kernel: EXT4-fs (sdc): mounted filesystem with ordered data mode. Opts: discard,errors=remount-ro,data=ordered
[    2.224807] kernel: hv_pci a25ed162-150c-411b-88aa-65d6bf184246: PCI VMBus probing: Using version 0x10003
[    2.226715] kernel: hv_pci a25ed162-150c-411b-88aa-65d6bf184246: PCI host bridge to bus 150c:00
[    2.227429] kernel: pci_bus 150c:00: root bus resource [mem 0x9ffe04000-0x9ffe06fff window]
[    2.229195] kernel: pci 150c:00:00.0: [1af4:1049] type 00 class 0x010000
[    2.230929] kernel: pci 150c:00:00.0: reg 0x10: [mem 0x9ffe04000-0x9ffe04fff 64bit]
[    2.232207] kernel: pci 150c:00:00.0: reg 0x18: [mem 0x9ffe05000-0x9ffe05fff 64bit]
[    2.233543] kernel: pci 150c:00:00.0: reg 0x20: [mem 0x9ffe06000-0x9ffe06fff 64bit]
[    2.238611] kernel: pci 150c:00:00.0: BAR 0: assigned [mem 0x9ffe04000-0x9ffe04fff 64bit]
[    2.239837] kernel: pci 150c:00:00.0: BAR 2: assigned [mem 0x9ffe05000-0x9ffe05fff 64bit]
[    2.240983] kernel: pci 150c:00:00.0: BAR 4: assigned [mem 0x9ffe06000-0x9ffe06fff 64bit]
[    2.305209] kernel: FS-Cache: Duplicate cookie detected
[    2.305677] kernel: FS-Cache: O-cookie c=00000000173c29f3 [p=00000000a59c1cc0 fl=222 nc=0 na=1]
[    2.306128] kernel: FS-Cache: O-cookie d=00000000be8e4842 n=000000007b6ef6d9
[    2.306579] kernel: FS-Cache: O-key=[10] '34323934393337343838'
[    2.306957] kernel: FS-Cache: N-cookie c=00000000aedfbea6 [p=00000000a59c1cc0 fl=2 nc=0 na=1]
[    2.307423] kernel: FS-Cache: N-cookie d=00000000be8e4842 n=00000000c06cefcd
[    2.307908] kernel: FS-Cache: N-key=[10] '34323934393337343838'
[    2.662452] kernel: hv_pci 39514983-71a0-4e47-999f-6a4b48b1e467: PCI VMBus probing: Using version 0x10003
[    2.663970] kernel: 9pnet_virtio: no channels available for device drvfs
[    2.664374] WARNING: mount: waiting for virtio device...
[    2.664517] kernel: hv_pci 39514983-71a0-4e47-999f-6a4b48b1e467: PCI host bridge to bus 71a0:00
[    2.665081] kernel: pci_bus 71a0:00: root bus resource [mem 0x9ffe08000-0x9ffe0afff window]
[    2.666559] kernel: pci 71a0:00:00.0: [1af4:1049] type 00 class 0x010000
[    2.667918] kernel: pci 71a0:00:00.0: reg 0x10: [mem 0x9ffe08000-0x9ffe08fff 64bit]
[    2.668953] kernel: pci 71a0:00:00.0: reg 0x18: [mem 0x9ffe09000-0x9ffe09fff 64bit]
[    2.670164] kernel: pci 71a0:00:00.0: reg 0x20: [mem 0x9ffe0a000-0x9ffe0afff 64bit]
[    2.674798] kernel: pci 71a0:00:00.0: BAR 0: assigned [mem 0x9ffe08000-0x9ffe08fff 64bit]
[    2.675820] kernel: pci 71a0:00:00.0: BAR 2: assigned [mem 0x9ffe09000-0x9ffe09fff 64bit]
[    2.676693] kernel: pci 71a0:00:00.0: BAR 4: assigned [mem 0x9ffe0a000-0x9ffe0afff 64bit]
[    2.769359] kernel: hv_pci 69965aab-5cb6-4dcc-8c76-0fb523f2d924: PCI VMBus probing: Using version 0x10003
[    2.770687] kernel: 9pnet_virtio: no channels available for device drvfs
[    2.771091] WARNING: mount: waiting for virtio device...
[    2.771111] kernel: hv_pci 69965aab-5cb6-4dcc-8c76-0fb523f2d924: PCI host bridge to bus 5cb6:00
[    2.771748] kernel: pci_bus 5cb6:00: root bus resource [mem 0x9ffe0c000-0x9ffe0efff window]
[    2.773218] kernel: pci 5cb6:00:00.0: [1af4:1049] type 00 class 0x010000
[    2.774631] kernel: pci 5cb6:00:00.0: reg 0x10: [mem 0x9ffe0c000-0x9ffe0cfff 64bit]
[    2.775641] kernel: pci 5cb6:00:00.0: reg 0x18: [mem 0x9ffe0d000-0x9ffe0dfff 64bit]
[    2.776650] kernel: pci 5cb6:00:00.0: reg 0x20: [mem 0x9ffe0e000-0x9ffe0efff 64bit]
[    2.781318] kernel: pci 5cb6:00:00.0: BAR 0: assigned [mem 0x9ffe0c000-0x9ffe0cfff 64bit]
[    2.782234] kernel: pci 5cb6:00:00.0: BAR 2: assigned [mem 0x9ffe0d000-0x9ffe0dfff 64bit]
[    2.783111] kernel: pci 5cb6:00:00.0: BAR 4: assigned [mem 0x9ffe0e000-0x9ffe0efff 64bit]
[    2.876778] kernel: hv_pci b7e59342-b5c4-4ad2-ad16-8d46b8a9cbe9: PCI VMBus probing: Using version 0x10003
[    2.921650] kernel: hv_pci b7e59342-b5c4-4ad2-ad16-8d46b8a9cbe9: PCI host bridge to bus b5c4:00
[    2.922289] kernel: pci_bus b5c4:00: root bus resource [mem 0xbffe10000-0xbffe12fff window]
[    2.923981] kernel: pci b5c4:00:00.0: [1af4:1049] type 00 class 0x010000
[    2.925444] kernel: pci b5c4:00:00.0: reg 0x10: [mem 0xbffe10000-0xbffe10fff 64bit]
[    2.926598] kernel: pci b5c4:00:00.0: reg 0x18: [mem 0xbffe11000-0xbffe11fff 64bit]
[    2.927801] kernel: pci b5c4:00:00.0: reg 0x20: [mem 0xbffe12000-0xbffe12fff 64bit]
[    2.932657] kernel: pci b5c4:00:00.0: BAR 0: assigned [mem 0xbffe10000-0xbffe10fff 64bit]
[    2.933861] kernel: pci b5c4:00:00.0: BAR 2: assigned [mem 0xbffe11000-0xbffe11fff 64bit]
[    2.934916] kernel: pci b5c4:00:00.0: BAR 4: assigned [mem 0xbffe12000-0xbffe12fff 64bit]
[    2.959192] kernel: FS-Cache: Duplicate cookie detected
[    2.959828] kernel: FS-Cache: O-cookie c=0000000027aca26c [p=00000000a59c1cc0 fl=222 nc=0 na=1]
[    2.960435] kernel: FS-Cache: O-cookie d=00000000be8e4842 n=000000001315036b
[    2.960957] kernel: FS-Cache: O-key=[10] '34323934393337353533'
[    2.961331] kernel: FS-Cache: N-cookie c=0000000088b352b6 [p=00000000a59c1cc0 fl=2 nc=0 na=1]
[    2.961948] kernel: FS-Cache: N-cookie d=00000000be8e4842 n=00000000994d63a5
[    2.962479] kernel: FS-Cache: N-key=[10] '34323934393337353533'
[    2.963265] init: (1) ERROR: ConfigApplyWindowsLibPath:2431: open /etc/ld.so.conf.d/ld.wsl.conf
[    2.963269] unknown:  failed 2
[    2.980340] kernel: hv_pci 6b317805-a691-4880-a12d-9315254edce9: PCI VMBus probing: Using version 0x10003
[    2.982113] kernel: 9pnet_virtio: no channels available for device drvfs
[    2.982727] WARNING: mount: waiting for virtio device...
[    3.025762] kernel: hv_pci 6b317805-a691-4880-a12d-9315254edce9: PCI host bridge to bus a691:00
[    3.026456] kernel: pci_bus a691:00: root bus resource [mem 0xbffe14000-0xbffe16fff window]
[    3.028175] kernel: pci a691:00:00.0: [1af4:1049] type 00 class 0x010000
[    3.029827] kernel: pci a691:00:00.0: reg 0x10: [mem 0xbffe14000-0xbffe14fff 64bit]
[    3.031164] kernel: pci a691:00:00.0: reg 0x18: [mem 0xbffe15000-0xbffe15fff 64bit]
[    3.032512] kernel: pci a691:00:00.0: reg 0x20: [mem 0xbffe16000-0xbffe16fff 64bit]
[    3.037588] kernel: pci a691:00:00.0: BAR 0: assigned [mem 0xbffe14000-0xbffe14fff 64bit]
[    3.038683] kernel: pci a691:00:00.0: BAR 2: assigned [mem 0xbffe15000-0xbffe15fff 64bit]
[    3.039777] kernel: pci a691:00:00.0: BAR 4: assigned [mem 0xbffe16000-0xbffe16fff 64bit]
[    3.088795] kernel: hv_pci 98290812-a017-4849-82d2-f1e7e7f0810c: PCI VMBus probing: Using version 0x10003
[    3.090524] kernel: 9pnet_virtio: no channels available for device drvfs
[    3.091052] WARNING: mount: waiting for virtio device...
[    3.135529] kernel: hv_pci 98290812-a017-4849-82d2-f1e7e7f0810c: PCI host bridge to bus a017:00
[    3.136240] kernel: pci_bus a017:00: root bus resource [mem 0xbffe18000-0xbffe1afff window]
[    3.138135] kernel: pci a017:00:00.0: [1af4:1049] type 00 class 0x010000
[    3.139797] kernel: pci a017:00:00.0: reg 0x10: [mem 0xbffe18000-0xbffe18fff 64bit]
[    3.140975] kernel: pci a017:00:00.0: reg 0x18: [mem 0xbffe19000-0xbffe19fff 64bit]
[    3.142221] kernel: pci a017:00:00.0: reg 0x20: [mem 0xbffe1a000-0xbffe1afff 64bit]
[    3.147317] kernel: pci a017:00:00.0: BAR 0: assigned [mem 0xbffe18000-0xbffe18fff 64bit]
[    3.148574] kernel: pci a017:00:00.0: BAR 2: assigned [mem 0xbffe19000-0xbffe19fff 64bit]
[    3.149767] kernel: pci a017:00:00.0: BAR 4: assigned [mem 0xbffe1a000-0xbffe1afff 64bit]
[    3.197185] kernel: hv_pci d7cf9eb6-18bd-4e0f-9ad1-dc06f96a75ed: PCI VMBus probing: Using version 0x10003
[    3.199444] WARNING: /usr/share/zoneinfo/America/New_York not found. Is the tzdata package installed?
[    3.242420] kernel: hv_pci d7cf9eb6-18bd-4e0f-9ad1-dc06f96a75ed: PCI host bridge to bus 18bd:00
[    3.243157] kernel: pci_bus 18bd:00: root bus resource [mem 0xbffe1c000-0xbffe1efff window]
[    3.244858] kernel: pci 18bd:00:00.0: [1af4:1049] type 00 class 0x010000
[    3.246503] kernel: pci 18bd:00:00.0: reg 0x10: [mem 0xbffe1c000-0xbffe1cfff 64bit]
[    3.247845] kernel: pci 18bd:00:00.0: reg 0x18: [mem 0xbffe1d000-0xbffe1dfff 64bit]
[    3.249185] kernel: pci 18bd:00:00.0: reg 0x20: [mem 0xbffe1e000-0xbffe1efff 64bit]
[    3.254316] kernel: pci 18bd:00:00.0: BAR 0: assigned [mem 0xbffe1c000-0xbffe1cfff 64bit]
[    3.255604] kernel: pci 18bd:00:00.0: BAR 2: assigned [mem 0xbffe1d000-0xbffe1dfff 64bit]
[    3.256725] kernel: pci 18bd:00:00.0: BAR 4: assigned [mem 0xbffe1e000-0xbffe1efff 64bit]
[    3.384496] kernel: scsi 0:0:0:3: Direct-Access     Msft     Virtual Disk     1.0  PQ: 0 ANSI: 5
[    3.385630] kernel: sd 0:0:0:3: Attached scsi generic sg3 type 0
[    3.386432] kernel: sd 0:0:0:3: [sdd] 536870912 512-byte logical blocks: (275 GB/256 GiB)
[    3.386950] kernel: sd 0:0:0:3: [sdd] 4096-byte physical blocks
[    3.387326] kernel: sd 0:0:0:3: [sdd] Write Protect is off
[    3.387678] kernel: sd 0:0:0:3: [sdd] Mode Sense: 0f 00 00 00
[    3.388185] kernel: sd 0:0:0:3: [sdd] Write cache: enabled, read cache: enabled, doesn't support DPO or FUA
[    3.391737] kernel: sd 0:0:0:3: [sdd] Attached SCSI disk
[    3.407976] kernel: EXT4-fs (sdd): recovery complete
[    3.408849] kernel: EXT4-fs (sdd): mounted filesystem with ordered data mode. Opts: discard,errors=remount-ro,data=ordered
[    3.414778] kernel: FS-Cache: Duplicate cookie detected
[    3.415196] kernel: FS-Cache: O-cookie c=00000000831f93f8 [p=00000000a59c1cc0 fl=222 nc=0 na=1]
[    3.415735] kernel: FS-Cache: O-cookie d=00000000be8e4842 n=000000007c32b517
[    3.416339] kernel: FS-Cache: O-key=[10] '34323934393337353939'
[    3.416817] kernel: FS-Cache: N-cookie c=00000000783b9ec4 [p=00000000a59c1cc0 fl=2 nc=0 na=1]
[    3.417356] kernel: FS-Cache: N-cookie d=00000000be8e4842 n=000000009f53c03e
[    3.417871] kernel: FS-Cache: N-key=[10] '34323934393337353939'
[    3.632041] kernel: hv_pci b8c3dd5c-50cb-4696-93ea-93cdf60593dc: PCI VMBus probing: Using version 0x10003
[    3.633918] kernel: 9pnet_virtio: no channels available for device drvfs
[    3.634325] WARNING: mount: waiting for virtio device...
[    3.689115] kernel: hv_pci b8c3dd5c-50cb-4696-93ea-93cdf60593dc: PCI host bridge to bus 50cb:00
[    3.689717] kernel: pci_bus 50cb:00: root bus resource [mem 0xbffe20000-0xbffe22fff window]
[    3.691336] kernel: pci 50cb:00:00.0: [1af4:1049] type 00 class 0x010000
[    3.692912] kernel: pci 50cb:00:00.0: reg 0x10: [mem 0xbffe20000-0xbffe20fff 64bit]
[    3.694055] kernel: pci 50cb:00:00.0: reg 0x18: [mem 0xbffe21000-0xbffe21fff 64bit]
[    3.695212] kernel: pci 50cb:00:00.0: reg 0x20: [mem 0xbffe22000-0xbffe22fff 64bit]
[    3.700452] kernel: pci 50cb:00:00.0: BAR 0: assigned [mem 0xbffe20000-0xbffe20fff 64bit]
[    3.701810] kernel: pci 50cb:00:00.0: BAR 2: assigned [mem 0xbffe21000-0xbffe21fff 64bit]
[    3.703008] kernel: pci 50cb:00:00.0: BAR 4: assigned [mem 0xbffe22000-0xbffe22fff 64bit]
[    3.740190] kernel: hv_pci 9d9bae7e-9f94-45fb-b499-d199bdeb6a3d: PCI VMBus probing: Using version 0x10003
[    3.741926] kernel: 9pnet_virtio: no channels available for device drvfs
[    3.742411] WARNING: mount: waiting for virtio device...
[    3.797812] kernel: hv_pci 9d9bae7e-9f94-45fb-b499-d199bdeb6a3d: PCI host bridge to bus 9f94:00
[    3.798584] kernel: pci_bus 9f94:00: root bus resource [mem 0xbffe24000-0xbffe26fff window]
[    3.800455] kernel: pci 9f94:00:00.0: [1af4:1049] type 00 class 0x010000
[    3.802104] kernel: pci 9f94:00:00.0: reg 0x10: [mem 0xbffe24000-0xbffe24fff 64bit]
[    3.803259] kernel: pci 9f94:00:00.0: reg 0x18: [mem 0xbffe25000-0xbffe25fff 64bit]
[    3.804408] kernel: pci 9f94:00:00.0: reg 0x20: [mem 0xbffe26000-0xbffe26fff 64bit]
[    3.809721] kernel: pci 9f94:00:00.0: BAR 0: assigned [mem 0xbffe24000-0xbffe24fff 64bit]
[    3.810907] kernel: pci 9f94:00:00.0: BAR 2: assigned [mem 0xbffe25000-0xbffe25fff 64bit]
[    3.811904] kernel: pci 9f94:00:00.0: BAR 4: assigned [mem 0xbffe26000-0xbffe26fff 64bit]
[    3.848427] kernel: hv_pci 26e0b243-217d-42e8-91bc-a12b80b2425d: PCI VMBus probing: Using version 0x10003
[    3.906182] kernel: hv_pci 26e0b243-217d-42e8-91bc-a12b80b2425d: PCI host bridge to bus 217d:00
[    3.906741] kernel: pci_bus 217d:00: root bus resource [mem 0xbffe28000-0xbffe2afff window]
[    3.908368] kernel: pci 217d:00:00.0: [1af4:1049] type 00 class 0x010000
[    3.910139] kernel: pci 217d:00:00.0: reg 0x10: [mem 0xbffe28000-0xbffe28fff 64bit]
[    3.911398] kernel: pci 217d:00:00.0: reg 0x18: [mem 0xbffe29000-0xbffe29fff 64bit]
[    3.912597] kernel: pci 217d:00:00.0: reg 0x20: [mem 0xbffe2a000-0xbffe2afff 64bit]
[    3.918062] kernel: pci 217d:00:00.0: BAR 0: assigned [mem 0xbffe28000-0xbffe28fff 64bit]
[    3.919259] kernel: pci 217d:00:00.0: BAR 2: assigned [mem 0xbffe29000-0xbffe29fff 64bit]
[    3.920341] kernel: pci 217d:00:00.0: BAR 4: assigned [mem 0xbffe2a000-0xbffe2afff 64bit]
[    3.950100] init: (1) ERROR: ConfigApplyWindowsLibPath:2431: open /etc/ld.so.conf.d/ld.wsl.conf
[    3.950103] unknown:  failed 2
[    3.952689] init: (2) ERROR: UtilCreateProcessAndWait:702: /bin/mount failed with 2
[    3.953411] init: (1) ERROR: UtilCreateProcessAndWait:722: /bin/mount failed with status 0x
[    3.953415] unknown: ff00
[    3.954165] init: (1) ERROR: ConfigMountFsTab:2484: Processing fstab with mount -a failed.
[    3.960993] kernel: hv_pci 1293b976-8d57-4b68-9eb2-326e75d3c338: PCI VMBus probing: Using version 0x10003
[    3.963115] kernel: 9pnet_virtio: no channels available for device drvfs
[    3.963761] WARNING: mount: waiting for virtio device...
[    4.018959] kernel: hv_pci 1293b976-8d57-4b68-9eb2-326e75d3c338: PCI host bridge to bus 8d57:00
[    4.019671] kernel: pci_bus 8d57:00: root bus resource [mem 0xbffe2c000-0xbffe2efff window]
[    4.021270] kernel: pci 8d57:00:00.0: [1af4:1049] type 00 class 0x010000
[    4.022900] kernel: pci 8d57:00:00.0: reg 0x10: [mem 0xbffe2c000-0xbffe2cfff 64bit]
[    4.024109] kernel: pci 8d57:00:00.0: reg 0x18: [mem 0xbffe2d000-0xbffe2dfff 64bit]
[    4.025369] kernel: pci 8d57:00:00.0: reg 0x20: [mem 0xbffe2e000-0xbffe2efff 64bit]
[    4.030984] kernel: pci 8d57:00:00.0: BAR 0: assigned [mem 0xbffe2c000-0xbffe2cfff 64bit]
[    4.032186] kernel: pci 8d57:00:00.0: BAR 2: assigned [mem 0xbffe2d000-0xbffe2dfff 64bit]
[    4.033228] kernel: pci 8d57:00:00.0: BAR 4: assigned [mem 0xbffe2e000-0xbffe2efff 64bit]
[    4.069910] kernel: hv_pci 841c66ff-a2e7-48ab-afc6-582d8d010e00: PCI VMBus probing: Using version 0x10003
[    4.071835] kernel: 9pnet_virtio: no channels available for device drvfs
[    4.072355] WARNING: mount: waiting for virtio device...
[    4.127659] kernel: hv_pci 841c66ff-a2e7-48ab-afc6-582d8d010e00: PCI host bridge to bus a2e7:00
[    4.128352] kernel: pci_bus a2e7:00: root bus resource [mem 0xbffe30000-0xbffe32fff window]
[    4.130072] kernel: pci a2e7:00:00.0: [1af4:1049] type 00 class 0x010000
[    4.131761] kernel: pci a2e7:00:00.0: reg 0x10: [mem 0xbffe30000-0xbffe30fff 64bit]
[    4.132939] kernel: pci a2e7:00:00.0: reg 0x18: [mem 0xbffe31000-0xbffe31fff 64bit]
[    4.134294] kernel: pci a2e7:00:00.0: reg 0x20: [mem 0xbffe32000-0xbffe32fff 64bit]
[    4.139498] kernel: pci a2e7:00:00.0: BAR 0: assigned [mem 0xbffe30000-0xbffe30fff 64bit]
[    4.140602] kernel: pci a2e7:00:00.0: BAR 2: assigned [mem 0xbffe31000-0xbffe31fff 64bit]
[    4.141553] kernel: pci a2e7:00:00.0: BAR 4: assigned [mem 0xbffe32000-0xbffe32fff 64bit]
[    4.178533] kernel: hv_pci 8a64afd1-12bd-4ae9-bbbc-23a41ccb242e: PCI VMBus probing: Using version 0x10003
[    4.189410] WARNING: /usr/share/zoneinfo/America/New_York not found. Is the tzdata package installed?
[    4.236798] kernel: hv_pci 8a64afd1-12bd-4ae9-bbbc-23a41ccb242e: PCI host bridge to bus 12bd:00
[    4.237391] kernel: pci_bus 12bd:00: root bus resource [mem 0xbffe34000-0xbffe36fff window]
[    4.239066] kernel: pci 12bd:00:00.0: [1af4:1049] type 00 class 0x010000
[    4.240759] kernel: pci 12bd:00:00.0: reg 0x10: [mem 0xbffe34000-0xbffe34fff 64bit]
[    4.241921] kernel: pci 12bd:00:00.0: reg 0x18: [mem 0xbffe35000-0xbffe35fff 64bit]
[    4.243052] kernel: pci 12bd:00:00.0: reg 0x20: [mem 0xbffe36000-0xbffe36fff 64bit]
[    4.248309] kernel: pci 12bd:00:00.0: BAR 0: assigned [mem 0xbffe34000-0xbffe34fff 64bit]
[    4.249452] kernel: pci 12bd:00:00.0: BAR 2: assigned [mem 0xbffe35000-0xbffe35fff 64bit]
[    4.250654] kernel: pci 12bd:00:00.0: BAR 4: assigned [mem 0xbffe36000-0xbffe36fff 64bit]
[    4.251702] kernel: scsi 0:0:0:4: Direct-Access     Msft     Virtual Disk     1.0  PQ: 0 ANSI: 5
[    4.253307] kernel: sd 0:0:0:4: Attached scsi generic sg4 type 0
[    4.255796] kernel: sd 0:0:0:4: [sde] 536870912 512-byte logical blocks: (275 GB/256 GiB)
[    4.256262] kernel: sd 0:0:0:4: [sde] 4096-byte physical blocks
[    4.259326] kernel: sd 0:0:0:4: [sde] Write Protect is off
[    4.259680] kernel: sd 0:0:0:4: [sde] Mode Sense: 0f 00 00 00
[    4.260593] kernel: sd 0:0:0:4: [sde] Write cache: enabled, read cache: enabled, doesn't support DPO or FUA
[    4.271054] kernel: sd 0:0:0:4: [sde] Attached SCSI disk
[    4.274188] init: (8) ERROR: CreateProcessEntryCommon:443: getpwuid(0) failed 2
[    4.274862] init: (8) ERROR: CreateProcessEntryCommon:446: getpwuid(0) failed 2
[    4.278682] kernel: EXT4-fs (sde): mounted filesystem with ordered data mode. Opts: discard,errors=remount-ro,data=ordered
[    4.285531] kernel: FS-Cache: Duplicate cookie detected
[    4.286143] kernel: FS-Cache: O-cookie c=00000000404b64d4 [p=00000000a59c1cc0 fl=222 nc=0 na=1]
[    4.286683] kernel: FS-Cache: O-cookie d=00000000be8e4842 n=00000000b0db5184
[    4.287244] kernel: FS-Cache: O-key=[10] '34323934393337363836'
[    4.287616] kernel: FS-Cache: N-cookie c=0000000057163837 [p=00000000a59c1cc0 fl=2 nc=0 na=1]
[    4.288094] kernel: FS-Cache: N-cookie d=00000000be8e4842 n=00000000e890817b
[    4.288542] kernel: FS-Cache: N-key=[10] '34323934393337363836'
[    4.501666] kernel: hv_pci 34f825c1-7a30-4892-88a0-9d77b62b4338: PCI VMBus probing: Using version 0x10003
[    4.503344] kernel: 9pnet_virtio: no channels available for device drvfs
[    4.503792] WARNING: mount: waiting for virtio device...
[    4.559741] kernel: hv_pci 34f825c1-7a30-4892-88a0-9d77b62b4338: PCI host bridge to bus 7a30:00
[    4.560296] kernel: pci_bus 7a30:00: root bus resource [mem 0xbffe38000-0xbffe3afff window]
[    4.562053] kernel: pci 7a30:00:00.0: [1af4:1049] type 00 class 0x010000
[    4.563738] kernel: pci 7a30:00:00.0: reg 0x10: [mem 0xbffe38000-0xbffe38fff 64bit]
[    4.564998] kernel: pci 7a30:00:00.0: reg 0x18: [mem 0xbffe39000-0xbffe39fff 64bit]
[    4.566297] kernel: pci 7a30:00:00.0: reg 0x20: [mem 0xbffe3a000-0xbffe3afff 64bit]
[    4.571696] kernel: pci 7a30:00:00.0: BAR 0: assigned [mem 0xbffe38000-0xbffe38fff 64bit]
[    4.572803] kernel: pci 7a30:00:00.0: BAR 2: assigned [mem 0xbffe39000-0xbffe39fff 64bit]
[    4.573927] kernel: pci 7a30:00:00.0: BAR 4: assigned [mem 0xbffe3a000-0xbffe3afff 64bit]
[    4.609804] kernel: hv_pci f99270f5-a1d2-47b3-9a9b-7fd2a00556c7: PCI VMBus probing: Using version 0x10003
[    4.611340] kernel: 9pnet_virtio: no channels available for device drvfs
[    4.611719] WARNING: mount: waiting for virtio device...
[    4.667238] kernel: hv_pci f99270f5-a1d2-47b3-9a9b-7fd2a00556c7: PCI host bridge to bus a1d2:00
[    4.667835] kernel: pci_bus a1d2:00: root bus resource [mem 0xbffe3c000-0xbffe3efff window]
[    4.669555] kernel: pci a1d2:00:00.0: [1af4:1049] type 00 class 0x010000
[    4.671230] kernel: pci a1d2:00:00.0: reg 0x10: [mem 0xbffe3c000-0xbffe3cfff 64bit]
[    4.672488] kernel: pci a1d2:00:00.0: reg 0x18: [mem 0xbffe3d000-0xbffe3dfff 64bit]
[    4.673783] kernel: pci a1d2:00:00.0: reg 0x20: [mem 0xbffe3e000-0xbffe3efff 64bit]
[    4.678957] kernel: pci a1d2:00:00.0: BAR 0: assigned [mem 0xbffe3c000-0xbffe3cfff 64bit]
[    4.680062] kernel: pci a1d2:00:00.0: BAR 2: assigned [mem 0xbffe3d000-0xbffe3dfff 64bit]
[    4.681212] kernel: pci a1d2:00:00.0: BAR 4: assigned [mem 0xbffe3e000-0xbffe3efff 64bit]
[    4.717790] kernel: hv_pci 64a1b0e3-bf35-426e-8805-e0499e72096c: PCI VMBus probing: Using version 0x10003
[    4.776257] kernel: hv_pci 64a1b0e3-bf35-426e-8805-e0499e72096c: PCI host bridge to bus bf35:00
[    4.776949] kernel: pci_bus bf35:00: root bus resource [mem 0xbffe40000-0xbffe42fff window]
[    4.778803] kernel: pci bf35:00:00.0: [1af4:1049] type 00 class 0x010000
[    4.780619] kernel: pci bf35:00:00.0: reg 0x10: [mem 0xbffe40000-0xbffe40fff 64bit]
[    4.781980] kernel: pci bf35:00:00.0: reg 0x18: [mem 0xbffe41000-0xbffe41fff 64bit]
[    4.783442] kernel: pci bf35:00:00.0: reg 0x20: [mem 0xbffe42000-0xbffe42fff 64bit]
[    4.788883] kernel: pci bf35:00:00.0: BAR 0: assigned [mem 0xbffe40000-0xbffe40fff 64bit]
[    4.790175] kernel: pci bf35:00:00.0: BAR 2: assigned [mem 0xbffe41000-0xbffe41fff 64bit]
[    4.791466] kernel: pci bf35:00:00.0: BAR 4: assigned [mem 0xbffe42000-0xbffe42fff 64bit]
[    5.538300] kernel: hv_pci b556810a-27bf-4908-9cfe-f2deabd36b74: PCI VMBus probing: Using version 0x10003
[    5.539961] kernel: 9pnet_virtio: no channels available for device drvfs
[    5.540410] WARNING: mount: waiting for virtio device...
[    5.596594] kernel: hv_pci b556810a-27bf-4908-9cfe-f2deabd36b74: PCI host bridge to bus 27bf:00
[    5.597340] kernel: pci_bus 27bf:00: root bus resource [mem 0xbffe44000-0xbffe46fff window]
[    5.599231] kernel: pci 27bf:00:00.0: [1af4:1049] type 00 class 0x010000
[    5.601058] kernel: pci 27bf:00:00.0: reg 0x10: [mem 0xbffe44000-0xbffe44fff 64bit]
[    5.602350] kernel: pci 27bf:00:00.0: reg 0x18: [mem 0xbffe45000-0xbffe45fff 64bit]
[    5.603654] kernel: pci 27bf:00:00.0: reg 0x20: [mem 0xbffe46000-0xbffe46fff 64bit]
[    5.608977] kernel: pci 27bf:00:00.0: BAR 0: assigned [mem 0xbffe44000-0xbffe44fff 64bit]
[    5.610257] kernel: pci 27bf:00:00.0: BAR 2: assigned [mem 0xbffe45000-0xbffe45fff 64bit]
[    5.611421] kernel: pci 27bf:00:00.0: BAR 4: assigned [mem 0xbffe46000-0xbffe46fff 64bit]
[    5.646450] kernel: hv_pci df8a6836-b9a2-46af-9924-ebcfb9eb2e2f: PCI VMBus probing: Using version 0x10003
[    5.648424] kernel: 9pnet_virtio: no channels available for device drvfs
[    5.648834] WARNING: mount: waiting for virtio device...
[    5.704377] kernel: hv_pci df8a6836-b9a2-46af-9924-ebcfb9eb2e2f: PCI host bridge to bus b9a2:00
[    5.704805] kernel: pci_bus b9a2:00: root bus resource [mem 0xbffe48000-0xbffe4afff window]
[    5.706413] kernel: pci b9a2:00:00.0: [1af4:1049] type 00 class 0x010000
[    5.707903] kernel: pci b9a2:00:00.0: reg 0x10: [mem 0xbffe48000-0xbffe48fff 64bit]
[    5.709022] kernel: pci b9a2:00:00.0: reg 0x18: [mem 0xbffe49000-0xbffe49fff 64bit]
[    5.710277] kernel: pci b9a2:00:00.0: reg 0x20: [mem 0xbffe4a000-0xbffe4afff 64bit]
[    5.715417] kernel: pci b9a2:00:00.0: BAR 0: assigned [mem 0xbffe48000-0xbffe48fff 64bit]
[    5.716387] kernel: pci b9a2:00:00.0: BAR 2: assigned [mem 0xbffe49000-0xbffe49fff 64bit]
[    5.717605] kernel: pci b9a2:00:00.0: BAR 4: assigned [mem 0xbffe4a000-0xbffe4afff 64bit]
[    5.755171] kernel: hv_pci e3e53b8f-b155-46ec-92ca-91ebc1098885: PCI VMBus probing: Using version 0x10003
[    5.762447] kernel: ISO 9660 Extensions: Microsoft Joliet Level 3
[    5.762881] kernel: ISO 9660 Extensions: RRIP_1991A
[    5.813249] kernel: hv_pci e3e53b8f-b155-46ec-92ca-91ebc1098885: PCI host bridge to bus b155:00
[    5.814021] kernel: pci_bus b155:00: root bus resource [mem 0xbffe4c000-0xbffe4efff window]
[    5.816009] kernel: pci b155:00:00.0: [1af4:1049] type 00 class 0x010000
[    5.817647] kernel: pci b155:00:00.0: reg 0x10: [mem 0xbffe4c000-0xbffe4cfff 64bit]
[    5.818930] kernel: pci b155:00:00.0: reg 0x18: [mem 0xbffe4d000-0xbffe4dfff 64bit]
[    5.820215] kernel: pci b155:00:00.0: reg 0x20: [mem 0xbffe4e000-0xbffe4efff 64bit]
[    5.825485] kernel: pci b155:00:00.0: BAR 0: assigned [mem 0xbffe4c000-0xbffe4cfff 64bit]
[    5.826530] kernel: pci b155:00:00.0: BAR 2: assigned [mem 0xbffe4d000-0xbffe4dfff 64bit]
[    5.827655] kernel: pci b155:00:00.0: BAR 4: assigned [mem 0xbffe4e000-0xbffe4efff 64bit]
[    6.503074] kernel: ISO 9660 Extensions: Microsoft Joliet Level 3
[    6.503762] kernel: ISO 9660 Extensions: RRIP_1991A
[    6.622520] kernel: cgroup: cgroup: disabling cgroup2 socket matching due to net_prio or net_cls activation
[    6.963052] kernel: IPv6: ADDRCONF(NETDEV_CHANGE): services1: link becomes ready
[    6.963772] kernel: IPv6: ADDRCONF(NETDEV_CHANGE): services0: link becomes ready
[   12.050554] kernel: cgroup: runc (1281) created nested cgroup for controller "memory" which has incomplete hierarchy support. Nested cgroups may change behavior in the future.
[   12.052286] kernel: cgroup: "memory" requires setting use_hierarchy to 1 on the root
[   49.865753] kernel: hv_balloon: Max. dynamic memory size: 65482 MB
[   98.504285] kernel: docker0: port 1(veth00d46bf) entered blocking state
[   98.505035] kernel: docker0: port 1(veth00d46bf) entered disabled state
[   98.505496] kernel: device veth00d46bf entered promiscuous mode
[   98.506012] kernel: docker0: port 1(veth00d46bf) entered blocking state
[   98.506556] kernel: docker0: port 1(veth00d46bf) entered forwarding state
[   98.507325] kernel: docker0: port 1(veth00d46bf) entered disabled state
[   98.719692] kernel: eth0: renamed from veth81fd75e
[   98.779583] kernel: IPv6: ADDRCONF(NETDEV_CHANGE): veth00d46bf: link becomes ready
[   98.780204] kernel: docker0: port 1(veth00d46bf) entered blocking state
[   98.780657] kernel: docker0: port 1(veth00d46bf) entered forwarding state
[   98.781273] kernel: IPv6: ADDRCONF(NETDEV_CHANGE): docker0: link becomes ready
[  115.032843] kernel: docker0: port 1(veth00d46bf) entered disabled state
[  115.033725] kernel: veth81fd75e: renamed from eth0
[  115.182237] kernel: docker0: port 1(veth00d46bf) entered disabled state
[  115.183555] kernel: device veth00d46bf left promiscuous mode
[  115.183969] kernel: docker0: port 1(veth00d46bf) entered disabled state
[  305.440192] kernel: docker0: port 1(vethdb297f0) entered blocking state
[  305.440927] kernel: docker0: port 1(vethdb297f0) entered disabled state
[  305.441339] kernel: device vethdb297f0 entered promiscuous mode
[  305.649586] kernel: eth0: renamed from veth5605d32
[  305.679477] kernel: IPv6: ADDRCONF(NETDEV_CHANGE): vethdb297f0: link becomes ready
[  305.680043] kernel: docker0: port 1(vethdb297f0) entered blocking state
[  305.680558] kernel: docker0: port 1(vethdb297f0) entered forwarding state
[  305.704765] kernel: docker0: port 1(vethdb297f0) entered disabled state
[  305.705522] kernel: veth5605d32: renamed from eth0
[  305.881970] kernel: docker0: port 1(vethdb297f0) entered disabled state
[  305.883003] kernel: device vethdb297f0 left promiscuous mode
[  305.883499] kernel: docker0: port 1(vethdb297f0) entered disabled state
[  328.323491] kernel: docker0: port 1(vethd8b41cc) entered blocking state
[  328.324189] kernel: docker0: port 1(vethd8b41cc) entered disabled state
[  328.324555] kernel: device vethd8b41cc entered promiscuous mode
[  328.569593] kernel: eth0: renamed from veth304bc22
[  328.609599] kernel: IPv6: ADDRCONF(NETDEV_CHANGE): vethd8b41cc: link becomes ready
[  328.610286] kernel: docker0: port 1(vethd8b41cc) entered blocking state
[  328.610765] kernel: docker0: port 1(vethd8b41cc) entered forwarding state
[  328.643715] kernel: docker0: port 1(vethd8b41cc) entered disabled state
[  328.644464] kernel: veth304bc22: renamed from eth0
[  328.801696] kernel: docker0: port 1(vethd8b41cc) entered disabled state
[  328.802686] kernel: device vethd8b41cc left promiscuous mode
[  328.803094] kernel: docker0: port 1(vethd8b41cc) entered disabled state
[  361.874832] kernel: docker0: port 1(veth4b96a19) entered blocking state
[  361.875393] kernel: docker0: port 1(veth4b96a19) entered disabled state
[  361.875754] kernel: device veth4b96a19 entered promiscuous mode
[  362.139598] kernel: eth0: renamed from veth93072b5
[  362.219579] kernel: IPv6: ADDRCONF(NETDEV_CHANGE): veth4b96a19: link becomes ready
[  362.220260] kernel: docker0: port 1(veth4b96a19) entered blocking state
[  362.220792] kernel: docker0: port 1(veth4b96a19) entered forwarding state
[  371.686504] kernel: veth93072b5: renamed from eth0
[  371.789706] kernel: docker0: port 1(veth4b96a19) entered disabled state
[  371.790849] kernel: docker0: port 2(vethc4085be) entered blocking state
[  371.791304] kernel: docker0: port 2(vethc4085be) entered disabled state
[  371.791697] kernel: device vethc4085be entered promiscuous mode
[  371.792079] kernel: docker0: port 2(vethc4085be) entered blocking state
[  371.792493] kernel: docker0: port 2(vethc4085be) entered forwarding state
[  371.793797] kernel: docker0: port 1(veth4b96a19) entered disabled state
[  371.794686] kernel: device veth4b96a19 left promiscuous mode
[  371.795068] kernel: docker0: port 1(veth4b96a19) entered disabled state
[  372.089906] kernel: eth0: renamed from veth0522538
[  372.159680] kernel: IPv6: ADDRCONF(NETDEV_CHANGE): vethc4085be: link becomes ready
[  385.259759] kernel: veth0522538: renamed from eth0
[  385.369450] kernel: docker0: port 2(vethc4085be) entered disabled state
[  385.370559] kernel: docker0: port 1(veth7a91eb3) entered blocking state
[  385.370992] kernel: docker0: port 1(veth7a91eb3) entered disabled state
[  385.371386] kernel: device veth7a91eb3 entered promiscuous mode
[  385.371721] kernel: docker0: port 1(veth7a91eb3) entered blocking state
[  385.372092] kernel: docker0: port 1(veth7a91eb3) entered forwarding state
[  385.373666] kernel: docker0: port 2(vethc4085be) entered disabled state
[  385.374316] kernel: device vethc4085be left promiscuous mode
[  385.374631] kernel: docker0: port 2(vethc4085be) entered disabled state
[  385.699769] kernel: eth0: renamed from veth658d31b
[  385.739714] kernel: IPv6: ADDRCONF(NETDEV_CHANGE): veth7a91eb3: link becomes ready
[  385.926584] kernel: docker0: port 1(veth7a91eb3) entered disabled state
[  385.927313] kernel: veth658d31b: renamed from eth0
[  386.134039] kernel: docker0: port 1(veth7a91eb3) entered disabled state
[  386.135130] kernel: device veth7a91eb3 left promiscuous mode
[  386.135518] kernel: docker0: port 1(veth7a91eb3) entered disabled state
[  432.132590] kernel: docker0: port 1(vethccdfbca) entered blocking state
[  432.133184] kernel: docker0: port 1(vethccdfbca) entered disabled state
[  432.133628] kernel: device vethccdfbca entered promiscuous mode
[  432.349541] kernel: eth0: renamed from vethcf537be
[  432.399495] kernel: IPv6: ADDRCONF(NETDEV_CHANGE): vethccdfbca: link becomes ready
[  432.400118] kernel: docker0: port 1(vethccdfbca) entered blocking state
[  432.400604] kernel: docker0: port 1(vethccdfbca) entered forwarding state
[  451.089741] kernel: docker0: port 1(vethccdfbca) entered disabled state
[  451.090359] kernel: vethcf537be: renamed from eth0
[  451.229957] kernel: docker0: port 2(veth02450d8) entered blocking state
[  451.230665] kernel: docker0: port 2(veth02450d8) entered disabled state
[  451.231122] kernel: device veth02450d8 entered promiscuous mode
[  451.231592] kernel: docker0: port 2(veth02450d8) entered blocking state
[  451.232032] kernel: docker0: port 2(veth02450d8) entered forwarding state
[  451.236578] kernel: docker0: port 1(vethccdfbca) entered disabled state
[  451.237429] kernel: device vethccdfbca left promiscuous mode
[  451.237739] kernel: docker0: port 1(vethccdfbca) entered disabled state
[  451.529546] kernel: eth0: renamed from veth0522516
[  451.609524] kernel: IPv6: ADDRCONF(NETDEV_CHANGE): veth02450d8: link becomes ready
[  451.821773] kernel: docker0: port 2(veth02450d8) entered disabled state
[  451.822403] kernel: veth0522516: renamed from eth0
[  452.029855] kernel: docker0: port 1(veth84cd536) entered blocking state
[  452.030550] kernel: docker0: port 1(veth84cd536) entered disabled state
[  452.031047] kernel: device veth84cd536 entered promiscuous mode
[  452.031518] kernel: docker0: port 1(veth84cd536) entered blocking state
[  452.031929] kernel: docker0: port 1(veth84cd536) entered forwarding state
[  452.034047] kernel: docker0: port 2(veth02450d8) entered disabled state
[  452.035000] kernel: device veth02450d8 left promiscuous mode
[  452.035332] kernel: docker0: port 2(veth02450d8) entered disabled state
[  452.099313] kernel: docker0: port 1(veth84cd536) entered disabled state
[  452.419581] kernel: eth0: renamed from vethb80e3db
[  452.489527] kernel: IPv6: ADDRCONF(NETDEV_CHANGE): veth84cd536: link becomes ready
[  452.490149] kernel: docker0: port 1(veth84cd536) entered blocking state
[  452.490523] kernel: docker0: port 1(veth84cd536) entered forwarding state
[  452.711410] kernel: docker0: port 1(veth84cd536) entered disabled state
[  452.711935] kernel: vethb80e3db: renamed from eth0
[  452.889884] kernel: docker0: port 2(veth4a93a26) entered blocking state
[  452.890478] kernel: docker0: port 2(veth4a93a26) entered disabled state
[  452.890919] kernel: device veth4a93a26 entered promiscuous mode
[  452.891348] kernel: docker0: port 2(veth4a93a26) entered blocking state
[  452.891713] kernel: docker0: port 2(veth4a93a26) entered forwarding state
[  452.893872] kernel: docker0: port 1(veth84cd536) entered disabled state
[  452.894926] kernel: device veth84cd536 left promiscuous mode
[  452.895294] kernel: docker0: port 1(veth84cd536) entered disabled state
[  453.109297] kernel: docker0: port 2(veth4a93a26) entered disabled state
[  453.189585] kernel: eth0: renamed from veth2e34557
[  453.249540] kernel: IPv6: ADDRCONF(NETDEV_CHANGE): veth4a93a26: link becomes ready
[  453.250259] kernel: docker0: port 2(veth4a93a26) entered blocking state
[  453.250744] kernel: docker0: port 2(veth4a93a26) entered forwarding state
[  454.617388] kernel: veth2e34557: renamed from eth0
[  454.769368] kernel: docker0: port 2(veth4a93a26) entered disabled state
[  454.770649] kernel: docker0: port 1(veth029011f) entered blocking state
[  454.771126] kernel: docker0: port 1(veth029011f) entered disabled state
[  454.771559] kernel: device veth029011f entered promiscuous mode
[  454.771937] kernel: docker0: port 1(veth029011f) entered blocking state
[  454.772319] kernel: docker0: port 1(veth029011f) entered forwarding state
[  454.774591] kernel: docker0: port 2(veth4a93a26) entered disabled state
[  454.775440] kernel: device veth4a93a26 left promiscuous mode
[  454.775918] kernel: docker0: port 2(veth4a93a26) entered disabled state
[  455.069682] kernel: eth0: renamed from veth05fb524
[  455.149400] kernel: docker0: port 1(veth029011f) entered disabled state
[  455.150321] kernel: IPv6: ADDRCONF(NETDEV_CHANGE): veth029011f: link becomes ready
[  455.150758] kernel: docker0: port 1(veth029011f) entered blocking state
[  455.151242] kernel: docker0: port 1(veth029011f) entered forwarding state
[  463.359123] kernel: process '/usr/bin/libsysinternalsEBPFinstaller' started with executable stack
[  470.953453] kernel: docker0: port 1(veth029011f) entered disabled state
[  470.954097] kernel: veth05fb524: renamed from eth0
[  471.133875] kernel: docker0: port 1(veth029011f) entered disabled state
[  471.135008] kernel: device veth029011f left promiscuous mode
[  471.135656] kernel: docker0: port 1(veth029011f) entered disabled state
[  495.548851] kernel: docker0: port 1(vetha636dc0) entered blocking state
[  495.549638] kernel: docker0: port 1(vetha636dc0) entered disabled state
[  495.550092] kernel: device vetha636dc0 entered promiscuous mode
[  495.550514] kernel: docker0: port 1(vetha636dc0) entered blocking state
[  495.550944] kernel: docker0: port 1(vetha636dc0) entered forwarding state
[  495.551483] kernel: docker0: port 1(vetha636dc0) entered disabled state
[  495.809536] kernel: eth0: renamed from vethb4e52e9
[  495.869415] kernel: IPv6: ADDRCONF(NETDEV_CHANGE): vetha636dc0: link becomes ready
[  495.870023] kernel: docker0: port 1(vetha636dc0) entered blocking state
[  495.870602] kernel: docker0: port 1(vetha636dc0) entered forwarding state
[  499.876792] kernel: docker0: port 1(vetha636dc0) entered disabled state
[  499.877600] kernel: vethb4e52e9: renamed from eth0
[  499.981589] kernel: docker0: port 1(vetha636dc0) entered disabled state
[  499.982484] kernel: device vetha636dc0 left promiscuous mode
[  499.982877] kernel: docker0: port 1(vetha636dc0) entered disabled state
[  537.018145] kernel: docker0: port 1(vethadea121) entered blocking state
[  537.018711] kernel: docker0: port 1(vethadea121) entered disabled state
[  537.019088] kernel: device vethadea121 entered promiscuous mode
[  537.249526] kernel: eth0: renamed from veth53686b1
[  537.299442] kernel: IPv6: ADDRCONF(NETDEV_CHANGE): vethadea121: link becomes ready
[  537.300023] kernel: docker0: port 1(vethadea121) entered blocking state
[  537.300570] kernel: docker0: port 1(vethadea121) entered forwarding state
[  537.492863] kernel: docker0: port 1(vethadea121) entered disabled state
[  537.493636] kernel: veth53686b1: renamed from eth0
[  537.589843] kernel: docker0: port 2(veth074837d) entered blocking state
[  537.590515] kernel: docker0: port 2(veth074837d) entered disabled state
[  537.591041] kernel: device veth074837d entered promiscuous mode
[  537.591480] kernel: docker0: port 2(veth074837d) entered blocking state
[  537.591959] kernel: docker0: port 2(veth074837d) entered forwarding state
[  537.592706] kernel: docker0: port 1(vethadea121) entered disabled state
[  537.593538] kernel: device vethadea121 left promiscuous mode
[  537.593899] kernel: docker0: port 1(vethadea121) entered disabled state
[  537.779477] kernel: eth0: renamed from vethe047ecc
[  537.839475] kernel: IPv6: ADDRCONF(NETDEV_CHANGE): veth074837d: link becomes ready
[  537.878797] kernel: docker0: port 2(veth074837d) entered disabled state
[  537.879549] kernel: vethe047ecc: renamed from eth0
[  538.111582] kernel: docker0: port 2(veth074837d) entered disabled state
[  538.112520] kernel: device veth074837d left promiscuous mode
[  538.112955] kernel: docker0: port 2(veth074837d) entered disabled state
[  582.001214] kernel: docker0: port 1(veth7698518) entered blocking state
[  582.001702] kernel: docker0: port 1(veth7698518) entered disabled state
[  582.002058] kernel: device veth7698518 entered promiscuous mode
[  582.239433] kernel: eth0: renamed from vethc1daeaa
[  582.299438] kernel: IPv6: ADDRCONF(NETDEV_CHANGE): veth7698518: link becomes ready
[  582.300038] kernel: docker0: port 1(veth7698518) entered blocking state
[  582.300575] kernel: docker0: port 1(veth7698518) entered forwarding state
[  625.318869] kernel: docker0: port 1(veth7698518) entered disabled state
[  625.319665] kernel: vethc1daeaa: renamed from eth0
[  625.449804] kernel: docker0: port 2(vethdf29c1b) entered blocking state
[  625.450503] kernel: docker0: port 2(vethdf29c1b) entered disabled state
[  625.450983] kernel: device vethdf29c1b entered promiscuous mode
[  625.451343] kernel: docker0: port 2(vethdf29c1b) entered blocking state
[  625.451844] kernel: docker0: port 2(vethdf29c1b) entered forwarding state
[  625.454421] kernel: docker0: port 1(veth7698518) entered disabled state
[  625.455450] kernel: device veth7698518 left promiscuous mode
[  625.455910] kernel: docker0: port 1(veth7698518) entered disabled state
[  625.769694] kernel: eth0: renamed from vethd2bbd3b
[  625.839755] kernel: IPv6: ADDRCONF(NETDEV_CHANGE): vethdf29c1b: link becomes ready
[  626.045522] kernel: docker0: port 2(vethdf29c1b) entered disabled state
[  626.046198] kernel: vethd2bbd3b: renamed from eth0
[  626.230016] kernel: docker0: port 1(veth236ce7c) entered blocking state
[  626.230671] kernel: docker0: port 1(veth236ce7c) entered disabled state
[  626.231214] kernel: device veth236ce7c entered promiscuous mode
[  626.231601] kernel: docker0: port 1(veth236ce7c) entered blocking state
[  626.232138] kernel: docker0: port 1(veth236ce7c) entered forwarding state
[  626.235319] kernel: docker0: port 2(vethdf29c1b) entered disabled state
[  626.236102] kernel: device vethdf29c1b left promiscuous mode
[  626.236466] kernel: docker0: port 2(vethdf29c1b) entered disabled state
[  626.329216] kernel: docker0: port 1(veth236ce7c) entered disabled state
[  626.499484] kernel: eth0: renamed from veth0eb575c
[  626.539539] kernel: IPv6: ADDRCONF(NETDEV_CHANGE): veth236ce7c: link becomes ready
[  626.540047] kernel: docker0: port 1(veth236ce7c) entered blocking state
[  626.540559] kernel: docker0: port 1(veth236ce7c) entered forwarding state
[  626.787086] kernel: docker0: port 1(veth236ce7c) entered disabled state
[  626.787617] kernel: veth0eb575c: renamed from eth0
[  626.950434] kernel: docker0: port 2(vethab5fe95) entered blocking state
[  626.950930] kernel: docker0: port 2(vethab5fe95) entered disabled state
[  626.951399] kernel: device vethab5fe95 entered promiscuous mode
[  626.951793] kernel: docker0: port 2(vethab5fe95) entered blocking state
[  626.952229] kernel: docker0: port 2(vethab5fe95) entered forwarding state
[  626.954102] kernel: docker0: port 1(veth236ce7c) entered disabled state
[  626.954808] kernel: device veth236ce7c left promiscuous mode
[  626.955149] kernel: docker0: port 1(veth236ce7c) entered disabled state
[  627.269617] kernel: eth0: renamed from vethe133090
[  627.349417] kernel: docker0: port 2(vethab5fe95) entered disabled state
[  627.350161] kernel: IPv6: ADDRCONF(NETDEV_CHANGE): vethab5fe95: link becomes ready
[  627.350573] kernel: docker0: port 2(vethab5fe95) entered blocking state
[  627.351075] kernel: docker0: port 2(vethab5fe95) entered forwarding state
[  628.659373] kernel: docker0: port 2(vethab5fe95) entered disabled state
[  628.660033] kernel: vethe133090: renamed from eth0
[  628.839807] kernel: docker0: port 1(vethfeb4d2f) entered blocking state
[  628.840394] kernel: docker0: port 1(vethfeb4d2f) entered disabled state
[  628.840901] kernel: device vethfeb4d2f entered promiscuous mode
[  628.841283] kernel: docker0: port 1(vethfeb4d2f) entered blocking state
[  628.841700] kernel: docker0: port 1(vethfeb4d2f) entered forwarding state
[  628.843683] kernel: docker0: port 2(vethab5fe95) entered disabled state
[  628.844362] kernel: device vethab5fe95 left promiscuous mode
[  628.844644] kernel: docker0: port 2(vethab5fe95) entered disabled state
[  629.209595] kernel: eth0: renamed from vethb4235ba
[  629.269799] kernel: IPv6: ADDRCONF(NETDEV_CHANGE): vethfeb4d2f: link becomes ready
[  632.708301] kernel: vethb4235ba: renamed from eth0
[  632.779446] kernel: docker0: port 1(vethfeb4d2f) entered disabled state
[  632.859724] kernel: docker0: port 2(veth0396829) entered blocking state
[  632.860411] kernel: docker0: port 2(veth0396829) entered disabled state
[  632.860846] kernel: device veth0396829 entered promiscuous mode
[  632.861227] kernel: docker0: port 2(veth0396829) entered blocking state
[  632.861655] kernel: docker0: port 2(veth0396829) entered forwarding state
[  632.862539] kernel: docker0: port 1(vethfeb4d2f) entered disabled state
[  632.863351] kernel: device vethfeb4d2f left promiscuous mode
[  632.863766] kernel: docker0: port 1(vethfeb4d2f) entered disabled state
[  633.079427] kernel: eth0: renamed from vetheda81bb
[  633.139424] kernel: IPv6: ADDRCONF(NETDEV_CHANGE): veth0396829: link becomes ready
[  633.237180] kernel: docker0: port 2(veth0396829) entered disabled state
[  633.237961] kernel: vetheda81bb: renamed from eth0
[  633.390435] kernel: docker0: port 1(vetha4257f3) entered blocking state
[  633.391111] kernel: docker0: port 1(vetha4257f3) entered disabled state
[  633.391795] kernel: device vetha4257f3 entered promiscuous mode
[  633.392244] kernel: docker0: port 1(vetha4257f3) entered blocking state
[  633.392807] kernel: docker0: port 1(vetha4257f3) entered forwarding state
[  633.393608] kernel: docker0: port 2(veth0396829) entered disabled state
[  633.394537] kernel: device veth0396829 left promiscuous mode
[  633.395052] kernel: docker0: port 2(veth0396829) entered disabled state
[  633.639435] kernel: eth0: renamed from vetha201c3c
[  633.679363] kernel: IPv6: ADDRCONF(NETDEV_CHANGE): vetha4257f3: link becomes ready
[  633.724763] kernel: docker0: port 1(vetha4257f3) entered disabled state
[  633.725470] kernel: vetha201c3c: renamed from eth0
[  633.911667] kernel: docker0: port 1(vetha4257f3) entered disabled state
[  633.912806] kernel: device vetha4257f3 left promiscuous mode
[  633.913223] kernel: docker0: port 1(vetha4257f3) entered disabled state
[  678.563268] kernel: docker0: port 1(veth3307b85) entered blocking state
[  678.564263] kernel: docker0: port 1(veth3307b85) entered disabled state
[  678.564831] kernel: device veth3307b85 entered promiscuous mode
[  678.789465] kernel: eth0: renamed from veth50a30f1
[  678.849309] kernel: IPv6: ADDRCONF(NETDEV_CHANGE): veth3307b85: link becomes ready
[  678.849836] kernel: docker0: port 1(veth3307b85) entered blocking state
[  678.850465] kernel: docker0: port 1(veth3307b85) entered forwarding state
[  753.011207] kernel: docker0: port 1(veth3307b85) entered disabled state
[  753.012077] kernel: veth50a30f1: renamed from eth0
[  753.161728] kernel: docker0: port 1(veth3307b85) entered disabled state
[  753.162733] kernel: device veth3307b85 left promiscuous mode
[  753.163118] kernel: docker0: port 1(veth3307b85) entered disabled state
[  758.154149] kernel: docker0: port 1(vetha0b52c2) entered blocking state
[  758.154650] kernel: docker0: port 1(vetha0b52c2) entered disabled state
[  758.155022] kernel: device vetha0b52c2 entered promiscuous mode
[  758.389444] kernel: eth0: renamed from vethda4b8df
[  758.449365] kernel: IPv6: ADDRCONF(NETDEV_CHANGE): vetha0b52c2: link becomes ready
[  758.449935] kernel: docker0: port 1(vetha0b52c2) entered blocking state
[  758.450587] kernel: docker0: port 1(vetha0b52c2) entered forwarding state
[  909.226495] kernel: vethda4b8df: renamed from eth0
[  909.397948] kernel: docker0: port 1(vetha0b52c2) entered disabled state
[  909.614024] kernel: docker0: port 1(vetha0b52c2) entered disabled state
[  909.615295] kernel: device vetha0b52c2 left promiscuous mode
[  909.615722] kernel: docker0: port 1(vetha0b52c2) entered disabled state
[  926.574194] kernel: docker0: port 1(vethd56d702) entered blocking state
[  926.574927] kernel: docker0: port 1(vethd56d702) entered disabled state
[  926.575353] kernel: device vethd56d702 entered promiscuous mode
[  926.799476] kernel: eth0: renamed from veth8815ce5
[  926.839286] kernel: IPv6: ADDRCONF(NETDEV_CHANGE): vethd56d702: link becomes ready
[  926.839953] kernel: docker0: port 1(vethd56d702) entered blocking state
[  926.840497] kernel: docker0: port 1(vethd56d702) entered forwarding state
[ 1146.226986] kernel: docker0: port 1(vethd56d702) entered disabled state
[ 1146.227751] kernel: veth8815ce5: renamed from eth0
[ 1146.349676] kernel: docker0: port 2(vethed329e4) entered blocking state
[ 1146.350160] kernel: docker0: port 2(vethed329e4) entered disabled state
[ 1146.350626] kernel: device vethed329e4 entered promiscuous mode
[ 1146.350942] kernel: docker0: port 2(vethed329e4) entered blocking state
[ 1146.351262] kernel: docker0: port 2(vethed329e4) entered forwarding state
[ 1146.353349] kernel: docker0: port 1(vethd56d702) entered disabled state
[ 1146.354003] kernel: device vethd56d702 left promiscuous mode
[ 1146.354406] kernel: docker0: port 1(vethd56d702) entered disabled state
[ 1146.669329] kernel: eth0: renamed from vethc64278f
[ 1146.709297] kernel: IPv6: ADDRCONF(NETDEV_CHANGE): vethed329e4: link becomes ready
[ 1146.766224] kernel: vethc64278f: renamed from eth0
[ 1146.819552] kernel: docker0: port 2(vethed329e4) entered disabled state
[ 1146.920021] kernel: docker0: port 1(vethaf7c3b6) entered blocking state
[ 1146.920590] kernel: docker0: port 1(vethaf7c3b6) entered disabled state
[ 1146.921043] kernel: device vethaf7c3b6 entered promiscuous mode
[ 1146.921395] kernel: docker0: port 1(vethaf7c3b6) entered blocking state
[ 1146.921731] kernel: docker0: port 1(vethaf7c3b6) entered forwarding state
[ 1146.923326] kernel: docker0: port 2(vethed329e4) entered disabled state
[ 1146.924198] kernel: device vethed329e4 left promiscuous mode
[ 1146.924512] kernel: docker0: port 2(vethed329e4) entered disabled state
[ 1147.219399] kernel: eth0: renamed from veth72ba2a2
[ 1147.279309] kernel: docker0: port 1(vethaf7c3b6) entered disabled state
[ 1147.280130] kernel: IPv6: ADDRCONF(NETDEV_CHANGE): vethaf7c3b6: link becomes ready
[ 1147.280622] kernel: docker0: port 1(vethaf7c3b6) entered blocking state
[ 1147.281093] kernel: docker0: port 1(vethaf7c3b6) entered forwarding state
[ 1147.319453] kernel: docker0: port 1(vethaf7c3b6) entered disabled state
[ 1147.320092] kernel: veth72ba2a2: renamed from eth0
[ 1147.470433] kernel: docker0: port 2(vethbcf7b90) entered blocking state
[ 1147.471056] kernel: docker0: port 2(vethbcf7b90) entered disabled state
[ 1147.471493] kernel: device vethbcf7b90 entered promiscuous mode
[ 1147.471839] kernel: docker0: port 2(vethbcf7b90) entered blocking state
[ 1147.472215] kernel: docker0: port 2(vethbcf7b90) entered forwarding state
[ 1147.474892] kernel: docker0: port 1(vethaf7c3b6) entered disabled state
[ 1147.475557] kernel: device vethaf7c3b6 left promiscuous mode
[ 1147.475855] kernel: docker0: port 1(vethaf7c3b6) entered disabled state
[ 1147.779477] kernel: eth0: renamed from vethbd80143
[ 1147.819290] kernel: IPv6: ADDRCONF(NETDEV_CHANGE): vethbcf7b90: link becomes ready
[ 1151.774837] kernel: docker0: port 2(vethbcf7b90) entered disabled state
[ 1151.775496] kernel: vethbd80143: renamed from eth0
[ 1151.889718] kernel: docker0: port 1(veth6eb620c) entered blocking state
[ 1151.890202] kernel: docker0: port 1(veth6eb620c) entered disabled state
[ 1151.890549] kernel: device veth6eb620c entered promiscuous mode
[ 1151.890847] kernel: docker0: port 1(veth6eb620c) entered blocking state
[ 1151.891201] kernel: docker0: port 1(veth6eb620c) entered forwarding state
[ 1151.893584] kernel: docker0: port 2(vethbcf7b90) entered disabled state
[ 1151.894375] kernel: device vethbcf7b90 left promiscuous mode
[ 1151.894784] kernel: docker0: port 2(vethbcf7b90) entered disabled state
[ 1152.279590] kernel: eth0: renamed from vethb0a750d
[ 1152.339437] kernel: IPv6: ADDRCONF(NETDEV_CHANGE): veth6eb620c: link becomes ready
[ 1159.351427] kernel: vethb0a750d: renamed from eth0
[ 1159.399685] kernel: docker0: port 1(veth6eb620c) entered disabled state
[ 1159.480068] kernel: docker0: port 2(veth3ac0db8) entered blocking state
[ 1159.480803] kernel: docker0: port 2(veth3ac0db8) entered disabled state
[ 1159.481317] kernel: device veth3ac0db8 entered promiscuous mode
[ 1159.481747] kernel: docker0: port 2(veth3ac0db8) entered blocking state
[ 1159.482206] kernel: docker0: port 2(veth3ac0db8) entered forwarding state
[ 1159.483954] kernel: docker0: port 1(veth6eb620c) entered disabled state
[ 1159.485532] kernel: device veth6eb620c left promiscuous mode
[ 1159.485924] kernel: docker0: port 1(veth6eb620c) entered disabled state
[ 1159.729284] kernel: eth0: renamed from veth3a3ff69
[ 1159.769317] kernel: IPv6: ADDRCONF(NETDEV_CHANGE): veth3ac0db8: link becomes ready
[ 1214.356148] kernel: docker0: port 2(veth3ac0db8) entered disabled state
[ 1214.356669] kernel: veth3a3ff69: renamed from eth0
[ 1214.489646] kernel: docker0: port 1(veth0cbb9ab) entered blocking state
[ 1214.490235] kernel: docker0: port 1(veth0cbb9ab) entered disabled state
[ 1214.490674] kernel: device veth0cbb9ab entered promiscuous mode
[ 1214.491041] kernel: docker0: port 1(veth0cbb9ab) entered blocking state
[ 1214.491367] kernel: docker0: port 1(veth0cbb9ab) entered forwarding state
[ 1214.493430] kernel: docker0: port 2(veth3ac0db8) entered disabled state
[ 1214.494120] kernel: device veth3ac0db8 left promiscuous mode
[ 1214.494436] kernel: docker0: port 2(veth3ac0db8) entered disabled state
[ 1214.799512] kernel: eth0: renamed from vethec4ee2b
[ 1214.849392] kernel: IPv6: ADDRCONF(NETDEV_CHANGE): veth0cbb9ab: link becomes ready
[ 1216.244925] kernel: vethec4ee2b: renamed from eth0
[ 1216.350068] kernel: docker0: port 1(veth0cbb9ab) entered disabled state
[ 1216.351365] kernel: docker0: port 2(veth8598fdc) entered blocking state
[ 1216.351879] kernel: docker0: port 2(veth8598fdc) entered disabled state
[ 1216.352299] kernel: device veth8598fdc entered promiscuous mode
[ 1216.352722] kernel: docker0: port 2(veth8598fdc) entered blocking state
[ 1216.353144] kernel: docker0: port 2(veth8598fdc) entered forwarding state
[ 1216.354770] kernel: docker0: port 1(veth0cbb9ab) entered disabled state
[ 1216.355573] kernel: device veth0cbb9ab left promiscuous mode
[ 1216.355903] kernel: docker0: port 1(veth0cbb9ab) entered disabled state
[ 1216.409323] kernel: docker0: port 2(veth8598fdc) entered disabled state
[ 1216.649328] kernel: eth0: renamed from veth8a72ee1
[ 1216.729264] kernel: IPv6: ADDRCONF(NETDEV_CHANGE): veth8598fdc: link becomes ready
[ 1216.729788] kernel: docker0: port 2(veth8598fdc) entered blocking state
[ 1216.730259] kernel: docker0: port 2(veth8598fdc) entered forwarding state
[ 1247.290180] kernel: docker0: port 2(veth8598fdc) entered disabled state
[ 1247.290818] kernel: veth8a72ee1: renamed from eth0
[ 1247.399648] kernel: docker0: port 1(vethd9eb049) entered blocking state
[ 1247.400416] kernel: docker0: port 1(vethd9eb049) entered disabled state
[ 1247.400949] kernel: device vethd9eb049 entered promiscuous mode
[ 1247.401372] kernel: docker0: port 1(vethd9eb049) entered blocking state
[ 1247.401809] kernel: docker0: port 1(vethd9eb049) entered forwarding state
[ 1247.403969] kernel: docker0: port 2(veth8598fdc) entered disabled state
[ 1247.404995] kernel: device veth8598fdc left promiscuous mode
[ 1247.405385] kernel: docker0: port 2(veth8598fdc) entered disabled state
[ 1247.699322] kernel: eth0: renamed from vethb781b56
[ 1247.769477] kernel: IPv6: ADDRCONF(NETDEV_CHANGE): vethd9eb049: link becomes ready
[ 1247.982209] kernel: docker0: port 1(vethd9eb049) entered disabled state
[ 1247.982965] kernel: vethb781b56: renamed from eth0
[ 1248.110428] kernel: docker0: port 2(veth61b4e83) entered blocking state
[ 1248.111017] kernel: docker0: port 2(veth61b4e83) entered disabled state
[ 1248.111384] kernel: device veth61b4e83 entered promiscuous mode
[ 1248.111790] kernel: docker0: port 2(veth61b4e83) entered blocking state
[ 1248.112177] kernel: docker0: port 2(veth61b4e83) entered forwarding state
[ 1248.114021] kernel: docker0: port 1(vethd9eb049) entered disabled state
[ 1248.114644] kernel: device vethd9eb049 left promiscuous mode
[ 1248.114928] kernel: docker0: port 1(vethd9eb049) entered disabled state
[ 1248.309089] kernel: docker0: port 2(veth61b4e83) entered disabled state
[ 1248.399355] kernel: eth0: renamed from veth54f804e
[ 1248.449268] kernel: IPv6: ADDRCONF(NETDEV_CHANGE): veth61b4e83: link becomes ready
[ 1248.449975] kernel: docker0: port 2(veth61b4e83) entered blocking state
[ 1248.450456] kernel: docker0: port 2(veth61b4e83) entered forwarding state
[ 1248.689030] kernel: docker0: port 2(veth61b4e83) entered disabled state
[ 1248.689605] kernel: veth54f804e: renamed from eth0
[ 1248.919669] kernel: docker0: port 1(vethcc01fad) entered blocking state
[ 1248.920305] kernel: docker0: port 1(vethcc01fad) entered disabled state
[ 1248.920785] kernel: device vethcc01fad entered promiscuous mode
[ 1248.921106] kernel: docker0: port 1(vethcc01fad) entered blocking state
[ 1248.921531] kernel: docker0: port 1(vethcc01fad) entered forwarding state
[ 1248.923409] kernel: docker0: port 2(veth61b4e83) entered disabled state
[ 1248.924116] kernel: device veth61b4e83 left promiscuous mode
[ 1248.924400] kernel: docker0: port 2(veth61b4e83) entered disabled state
[ 1249.259340] kernel: eth0: renamed from veth877d195
[ 1249.309309] kernel: IPv6: ADDRCONF(NETDEV_CHANGE): vethcc01fad: link becomes ready
[ 1250.653120] kernel: veth877d195: renamed from eth0
[ 1250.809523] kernel: docker0: port 1(vethcc01fad) entered disabled state
[ 1250.810710] kernel: docker0: port 2(vethab510b6) entered blocking state
[ 1250.811162] kernel: docker0: port 2(vethab510b6) entered disabled state
[ 1250.811592] kernel: device vethab510b6 entered promiscuous mode
[ 1250.811897] kernel: docker0: port 2(vethab510b6) entered blocking state
[ 1250.812260] kernel: docker0: port 2(vethab510b6) entered forwarding state
[ 1250.813721] kernel: docker0: port 1(vethcc01fad) entered disabled state
[ 1250.814561] kernel: device vethcc01fad left promiscuous mode
[ 1250.814949] kernel: docker0: port 1(vethcc01fad) entered disabled state
[ 1251.109378] kernel: eth0: renamed from veth8233257
[ 1251.179370] kernel: IPv6: ADDRCONF(NETDEV_CHANGE): vethab510b6: link becomes ready
[ 1254.711497] kernel: docker0: port 2(vethab510b6) entered disabled state
[ 1254.712189] kernel: veth8233257: renamed from eth0
[ 1254.829504] kernel: docker0: port 1(veth74f14f0) entered blocking state
[ 1254.830063] kernel: docker0: port 1(veth74f14f0) entered disabled state
[ 1254.830617] kernel: device veth74f14f0 entered promiscuous mode
[ 1254.831100] kernel: docker0: port 1(veth74f14f0) entered blocking state
[ 1254.831577] kernel: docker0: port 1(veth74f14f0) entered forwarding state
[ 1254.832417] kernel: docker0: port 2(vethab510b6) entered disabled state
[ 1254.833376] kernel: device vethab510b6 left promiscuous mode
[ 1254.833778] kernel: docker0: port 2(vethab510b6) entered disabled state
[ 1255.079262] kernel: eth0: renamed from veth6b9a64b
[ 1255.109249] kernel: IPv6: ADDRCONF(NETDEV_CHANGE): veth74f14f0: link becomes ready
[ 1255.324355] kernel: docker0: port 1(veth74f14f0) entered disabled state
[ 1255.325054] kernel: veth6b9a64b: renamed from eth0
[ 1255.622106] kernel: docker0: port 1(veth74f14f0) entered disabled state
[ 1255.623271] kernel: device veth74f14f0 left promiscuous mode
[ 1255.623708] kernel: docker0: port 1(veth74f14f0) entered disabled state
[ 1272.395735] kernel: docker0: port 1(vethdee662d) entered blocking state
[ 1272.396327] kernel: docker0: port 1(vethdee662d) entered disabled state
[ 1272.396725] kernel: device vethdee662d entered promiscuous mode
[ 1272.629283] kernel: eth0: renamed from vethc1a705d
[ 1272.679130] kernel: IPv6: ADDRCONF(NETDEV_CHANGE): vethdee662d: link becomes ready
[ 1272.679713] kernel: docker0: port 1(vethdee662d) entered blocking state
[ 1272.680165] kernel: docker0: port 1(vethdee662d) entered forwarding state
[ 1315.757312] kernel: docker0: port 1(vethdee662d) entered disabled state
[ 1315.758245] kernel: vethc1a705d: renamed from eth0
[ 1315.891623] kernel: docker0: port 1(vethdee662d) entered disabled state
[ 1315.892558] kernel: device vethdee662d left promiscuous mode
[ 1315.892962] kernel: docker0: port 1(vethdee662d) entered disabled state
[ 1326.676264] kernel: docker0: port 1(veth5620b5c) entered blocking state
[ 1326.676796] kernel: docker0: port 1(veth5620b5c) entered disabled state
[ 1326.677346] kernel: device veth5620b5c entered promiscuous mode
[ 1326.889312] kernel: eth0: renamed from vethf2a7854
[ 1326.949191] kernel: IPv6: ADDRCONF(NETDEV_CHANGE): veth5620b5c: link becomes ready
[ 1326.949817] kernel: docker0: port 1(veth5620b5c) entered blocking state
[ 1326.950273] kernel: docker0: port 1(veth5620b5c) entered forwarding state
[ 1378.546195] kernel: docker0: port 1(veth5620b5c) entered disabled state
[ 1378.547116] kernel: vethf2a7854: renamed from eth0
[ 1378.701512] kernel: docker0: port 1(veth5620b5c) entered disabled state
[ 1378.702231] kernel: device veth5620b5c left promiscuous mode
[ 1378.702599] kernel: docker0: port 1(veth5620b5c) entered disabled state
[ 1400.919706] kernel: docker0: port 1(veth9706877) entered blocking state
[ 1400.920400] kernel: docker0: port 1(veth9706877) entered disabled state
[ 1400.920791] kernel: device veth9706877 entered promiscuous mode
[ 1401.149261] kernel: eth0: renamed from vethc66c87b
[ 1401.209179] kernel: IPv6: ADDRCONF(NETDEV_CHANGE): veth9706877: link becomes ready
[ 1401.209759] kernel: docker0: port 1(veth9706877) entered blocking state
[ 1401.210370] kernel: docker0: port 1(veth9706877) entered forwarding state
[ 1403.070527] kernel: docker0: port 1(veth9706877) entered disabled state
[ 1403.071187] kernel: vethc66c87b: renamed from eth0
[ 1403.221218] kernel: docker0: port 1(veth9706877) entered disabled state
[ 1403.221944] kernel: device veth9706877 left promiscuous mode
[ 1403.222372] kernel: docker0: port 1(veth9706877) entered disabled state
[ 1407.316230] kernel: docker0: port 1(veth8522454) entered blocking state
[ 1407.316855] kernel: docker0: port 1(veth8522454) entered disabled state
[ 1407.317318] kernel: device veth8522454 entered promiscuous mode
[ 1407.559206] kernel: eth0: renamed from veth26f4345
[ 1407.629197] kernel: IPv6: ADDRCONF(NETDEV_CHANGE): veth8522454: link becomes ready
[ 1407.629944] kernel: docker0: port 1(veth8522454) entered blocking state
[ 1407.630577] kernel: docker0: port 1(veth8522454) entered forwarding state
[ 1411.064458] kernel: docker0: port 1(veth8522454) entered disabled state
[ 1411.065136] kernel: veth26f4345: renamed from eth0
[ 1411.219638] kernel: docker0: port 2(veth097c441) entered blocking state
[ 1411.220202] kernel: docker0: port 2(veth097c441) entered disabled state
[ 1411.220622] kernel: device veth097c441 entered promiscuous mode
[ 1411.221009] kernel: docker0: port 2(veth097c441) entered blocking state
[ 1411.221583] kernel: docker0: port 2(veth097c441) entered forwarding state
[ 1411.223603] kernel: docker0: port 1(veth8522454) entered disabled state
[ 1411.224365] kernel: device veth8522454 left promiscuous mode
[ 1411.224691] kernel: docker0: port 1(veth8522454) entered disabled state
[ 1411.509423] kernel: eth0: renamed from vethc1687fe
[ 1411.569392] kernel: IPv6: ADDRCONF(NETDEV_CHANGE): veth097c441: link becomes ready
[ 1478.188547] kernel: docker0: port 2(veth097c441) entered disabled state
[ 1478.189196] kernel: vethc1687fe: renamed from eth0
[ 1478.319504] kernel: docker0: port 1(veth9e79540) entered blocking state
[ 1478.319948] kernel: docker0: port 1(veth9e79540) entered disabled state
[ 1478.320387] kernel: device veth9e79540 entered promiscuous mode
[ 1478.320758] kernel: docker0: port 1(veth9e79540) entered blocking state
[ 1478.321153] kernel: docker0: port 1(veth9e79540) entered forwarding state
[ 1478.323302] kernel: docker0: port 2(veth097c441) entered disabled state
[ 1478.324147] kernel: device veth097c441 left promiscuous mode
[ 1478.324465] kernel: docker0: port 2(veth097c441) entered disabled state
[ 1478.639219] kernel: eth0: renamed from vethd896b79
[ 1478.699286] kernel: IPv6: ADDRCONF(NETDEV_CHANGE): veth9e79540: link becomes ready
[ 1478.895589] kernel: docker0: port 1(veth9e79540) entered disabled state
[ 1478.896182] kernel: vethd896b79: renamed from eth0
[ 1479.049564] kernel: docker0: port 2(veth49cd1aa) entered blocking state
[ 1479.050181] kernel: docker0: port 2(veth49cd1aa) entered disabled state
[ 1479.050665] kernel: device veth49cd1aa entered promiscuous mode
[ 1479.051042] kernel: docker0: port 2(veth49cd1aa) entered blocking state
[ 1479.051427] kernel: docker0: port 2(veth49cd1aa) entered forwarding state
[ 1479.053650] kernel: docker0: port 1(veth9e79540) entered disabled state
[ 1479.054499] kernel: device veth9e79540 left promiscuous mode
[ 1479.054818] kernel: docker0: port 1(veth9e79540) entered disabled state
[ 1479.189002] kernel: docker0: port 2(veth49cd1aa) entered disabled state
[ 1479.409178] kernel: eth0: renamed from veth633c15d
[ 1479.459122] kernel: IPv6: ADDRCONF(NETDEV_CHANGE): veth49cd1aa: link becomes ready
[ 1479.459694] kernel: docker0: port 2(veth49cd1aa) entered blocking state
[ 1479.460177] kernel: docker0: port 2(veth49cd1aa) entered forwarding state
[ 1479.740789] kernel: veth633c15d: renamed from eth0
[ 1479.889858] kernel: docker0: port 2(veth49cd1aa) entered disabled state
[ 1479.890977] kernel: docker0: port 1(veth85d86e6) entered blocking state
[ 1479.891406] kernel: docker0: port 1(veth85d86e6) entered disabled state
[ 1479.891914] kernel: device veth85d86e6 entered promiscuous mode
[ 1479.892372] kernel: docker0: port 1(veth85d86e6) entered blocking state
[ 1479.892730] kernel: docker0: port 1(veth85d86e6) entered forwarding state
[ 1479.893856] kernel: docker0: port 2(veth49cd1aa) entered disabled state
[ 1479.894757] kernel: device veth49cd1aa left promiscuous mode
[ 1479.895160] kernel: docker0: port 2(veth49cd1aa) entered disabled state
[ 1480.159244] kernel: eth0: renamed from veth382eb65
[ 1480.199252] kernel: docker0: port 1(veth85d86e6) entered disabled state
[ 1480.200047] kernel: IPv6: ADDRCONF(NETDEV_CHANGE): veth85d86e6: link becomes ready
[ 1480.200589] kernel: docker0: port 1(veth85d86e6) entered blocking state
[ 1480.200997] kernel: docker0: port 1(veth85d86e6) entered forwarding state
[ 1481.530491] kernel: veth382eb65: renamed from eth0
[ 1481.599267] kernel: docker0: port 1(veth85d86e6) entered disabled state
[ 1481.669480] kernel: docker0: port 2(veth32115d9) entered blocking state
[ 1481.670000] kernel: docker0: port 2(veth32115d9) entered disabled state
[ 1481.670439] kernel: device veth32115d9 entered promiscuous mode
[ 1481.670786] kernel: docker0: port 2(veth32115d9) entered blocking state
[ 1481.671220] kernel: docker0: port 2(veth32115d9) entered forwarding state
[ 1481.674246] kernel: docker0: port 1(veth85d86e6) entered disabled state
[ 1481.675070] kernel: device veth85d86e6 left promiscuous mode
[ 1481.675399] kernel: docker0: port 1(veth85d86e6) entered disabled state
[ 1481.979397] kernel: eth0: renamed from vetha8deb81
[ 1482.049348] kernel: IPv6: ADDRCONF(NETDEV_CHANGE): veth32115d9: link becomes ready
[ 1485.599164] kernel: docker0: port 2(veth32115d9) entered disabled state
[ 1485.599952] kernel: vetha8deb81: renamed from eth0
[ 1485.749473] kernel: docker0: port 1(vetha0559c3) entered blocking state
[ 1485.750236] kernel: docker0: port 1(vetha0559c3) entered disabled state
[ 1485.750735] kernel: device vetha0559c3 entered promiscuous mode
[ 1485.751149] kernel: docker0: port 1(vetha0559c3) entered blocking state
[ 1485.751522] kernel: docker0: port 1(vetha0559c3) entered forwarding state
[ 1485.752286] kernel: docker0: port 2(veth32115d9) entered disabled state
[ 1485.753049] kernel: device veth32115d9 left promiscuous mode
[ 1485.753464] kernel: docker0: port 2(veth32115d9) entered disabled state
[ 1485.949274] kernel: eth0: renamed from veth813f37e
[ 1486.009187] kernel: IPv6: ADDRCONF(NETDEV_CHANGE): vetha0559c3: link becomes ready
[ 1486.107358] kernel: docker0: port 1(vetha0559c3) entered disabled state
[ 1486.108273] kernel: veth813f37e: renamed from eth0
[ 1486.331508] kernel: docker0: port 1(vetha0559c3) entered disabled state
[ 1486.332694] kernel: device vetha0559c3 left promiscuous mode
[ 1486.333092] kernel: docker0: port 1(vetha0559c3) entered disabled state
[ 1490.384391] kernel: docker0: port 1(vethdb668e4) entered blocking state
[ 1490.385079] kernel: docker0: port 1(vethdb668e4) entered disabled state
[ 1490.385579] kernel: device vethdb668e4 entered promiscuous mode
[ 1490.639150] kernel: eth0: renamed from veth11e053d
[ 1490.689049] kernel: IPv6: ADDRCONF(NETDEV_CHANGE): vethdb668e4: link becomes ready
[ 1490.689535] kernel: docker0: port 1(vethdb668e4) entered blocking state
[ 1490.689989] kernel: docker0: port 1(vethdb668e4) entered forwarding state
[ 1490.713253] kernel: docker0: port 1(vethdb668e4) entered disabled state
[ 1490.713889] kernel: veth11e053d: renamed from eth0
[ 1490.831049] kernel: docker0: port 1(vethdb668e4) entered disabled state
[ 1490.831946] kernel: device vethdb668e4 left promiscuous mode
[ 1490.832293] kernel: docker0: port 1(vethdb668e4) entered disabled state
[ 1500.767573] kernel: docker0: port 1(veth34b40cc) entered blocking state
[ 1500.768387] kernel: docker0: port 1(veth34b40cc) entered disabled state
[ 1500.768885] kernel: device veth34b40cc entered promiscuous mode
[ 1500.969173] kernel: eth0: renamed from veth7c7ab8a
[ 1501.009068] kernel: IPv6: ADDRCONF(NETDEV_CHANGE): veth34b40cc: link becomes ready
[ 1501.009634] kernel: docker0: port 1(veth34b40cc) entered blocking state
[ 1501.010131] kernel: docker0: port 1(veth34b40cc) entered forwarding state
[ 1512.161262] kernel: docker0: port 2(vethb6f08fa) entered blocking state
[ 1512.161918] kernel: docker0: port 2(vethb6f08fa) entered disabled state
[ 1512.162290] kernel: device vethb6f08fa entered promiscuous mode
[ 1512.469132] kernel: eth0: renamed from vethe9f3524
[ 1512.519090] kernel: IPv6: ADDRCONF(NETDEV_CHANGE): vethb6f08fa: link becomes ready
